ZIP file [C:xampp/htdocs/REPORTES_FONARTE\20220624_May2022_fullreport_fonarte_latino_s_a_de_c_v_US.xls.zip] extracted.
ZIP file [C:xampp/htdocs/REPORTES_FONARTE\apple Mayo 2022.zip] extracted.
Getting [Orchard] ready...
Fatal error: Allowed memory size of 536870912 bytes exhausted (tried to allocate 151389352 bytes) in C:\xampp\htdocs\SubidaBi\Diego_file_filter.php on line 144

C:\xampp\htdocs\SubidaBi>sqlcmd -S fonarte2.database.windows.net -d Reporteador -U Dataguys2 -P Fonarte2018 -I -Q "TRUNCATE TABLE TMP_APPLEMUSIC;" 
"sqlcmd" no se reconoce como un comando interno o externo,
programa o archivo por lotes ejecutable.

C:\xampp\htdocs\SubidaBi>sqlcmd -S fonarte2.database.windows.net -d Reporteador -U Dataguys2 -P Fonarte2018 -I -Q "TRUNCATE TABLE TMP_ITUNES;" 
"sqlcmd" no se reconoce como un comando interno o externo,
programa o archivo por lotes ejecutable.

C:\xampp\htdocs\SubidaBi>sqlcmd -S fonarte2.database.windows.net -d Reporteador -U Dataguys2 -P Fonarte2018 -I -Q "TRUNCATE TABLE TMP_FINANCIAL_REPORT;" 
"sqlcmd" no se reconoce como un comando interno o externo,
programa o archivo por lotes ejecutable.

C:\xampp\htdocs\SubidaBi>sqlcmd -S fonarte2.database.windows.net -d Reporteador -U Dataguys2 -P Fonarte2018 -I -Q "TRUNCATE TABLE TMP_ORCHARD;" 
"sqlcmd" no se reconoce como un comando interno o externo,
programa o archivo por lotes ejecutable.

C:\xampp\htdocs\SubidaBi>REN C:\xampp\htdocs\REPORTES_FONARTE\*fullreport*.txt TMP_ORCHARD.txt; 
El sistema no puede encontrar el archivo especificado.

C:\xampp\htdocs\SubidaBi>REN C:\xampp\htdocs\REPORTES_FONARTE\S1*.txt TMP_APPLEMUSIC.txt; 

C:\xampp\htdocs\SubidaBi>REN C:\xampp\htdocs\REPORTES_FONARTE\*_ZZ*.txt TMP_ITUNES.txt; 

C:\xampp\htdocs\SubidaBi>REN C:\xampp\htdocs\REPORTES_FONARTE\financial*.txt TMP_FINANCIAL_REPORT.txt; 
El sistema no puede encontrar el archivo especificado.

C:\xampp\htdocs\SubidaBi>bcp TMP_APPLEMUSIC in C:\xampp\htdocs\REPORTES_FONARTE\TMP_APPLEMUSIC.txt -S fonarte2.database.windows.net -d Reporteador -U Dataguys2 -P Fonarte2018 -q -c -t \t -r 0x0A -C 65001; 
"bcp" no se reconoce como un comando interno o externo,
programa o archivo por lotes ejecutable.

C:\xampp\htdocs\SubidaBi>bcp TMP_ITUNES in C:\xampp\htdocs\REPORTES_FONARTE\TMP_ITUNES.txt -S fonarte2.database.windows.net -d Reporteador -U Dataguys2 -P Fonarte2018 -q -c -t \t -r 0x0A -C 65001; 
"bcp" no se reconoce como un comando interno o externo,
programa o archivo por lotes ejecutable.

C:\xampp\htdocs\SubidaBi>bcp TMP_FINANCIAL_REPORT in C:\xampp\htdocs\REPORTES_FONARTE\TMP_FINANCIAL_REPORT.txt -S fonarte2.database.windows.net -d Reporteador -U Dataguys2 -P Fonarte2018 -q -c -t \t -r 0x0A -C 65001; 
"bcp" no se reconoce como un comando interno o externo,
programa o archivo por lotes ejecutable.

C:\xampp\htdocs\SubidaBi>bcp TMP_ORCHARD in C:\xampp\htdocs\REPORTES_FONARTE\TMP_ORCHARD.txt -S fonarte2.database.windows.net -d Reporteador -U Dataguys2 -P Fonarte2018 -q -c -t \t -r 0x0A -C 65001; 
"bcp" no se reconoce como un comando interno o externo,
programa o archivo por lotes ejecutable.

C:\xampp\htdocs\SubidaBi>sqlcmd -S fonarte2.database.windows.net -d Reporteador -U Dataguys2 -P Fonarte2018 -I -Q "INSERT INTO APPLEMUSIC SELECT * FROM TMP_APPLEMUSIC;" 
"sqlcmd" no se reconoce como un comando interno o externo,
programa o archivo por lotes ejecutable.

C:\xampp\htdocs\SubidaBi>sqlcmd -S fonarte2.database.windows.net -d Reporteador -U Dataguys2 -P Fonarte2018 -I -Q "INSERT INTO ITUNES SELECT * FROM TMP_ITUNES;" 
"sqlcmd" no se reconoce como un comando interno o externo,
programa o archivo por lotes ejecutable.

C:\xampp\htdocs\SubidaBi>sqlcmd -S fonarte2.database.windows.net -d Reporteador -U Dataguys2 -P Fonarte2018 -I -Q "INSERT INTO ORCHARD SELECT * FROM TMP_ORCHARD;" 
"sqlcmd" no se reconoce como un comando interno o externo,
programa o archivo por lotes ejecutable.

C:\xampp\htdocs\SubidaBi>sqlcmd -S fonarte2.database.windows.net -d Reporteador -U Dataguys2 -P Fonarte2018 -I -Q "INSERT INTO APPLE_CURRENCY SELECT LEFT(RIGHT(DIVISA,4),3), TIPO_DE_CAMBIO, ANIO, MES FROM TMP_FINANCIAL_REPORT;" 
"sqlcmd" no se reconoce como un comando interno o externo,
programa o archivo por lotes ejecutable.

C:\xampp\htdocs\SubidaBi>Robocopy C:\xampp\htdocs\REPORTES_FONARTE C:\xampp\htdocs\REPORTES_FONARTE_PROCESADOS /mov /s /w:1 /r:1 

-------------------------------------------------------------------------------
   ROBOCOPY     ::     Herramienta para copia eficaz de archivos         
-------------------------------------------------------------------------------

  Inicio: viernes, 24 de junio de 202209:00:25 p. m.
   Origen : C:\xampp\htdocs\REPORTES_FONARTE\
     Destino : C:\xampp\htdocs\REPORTES_FONARTE_PROCESADOS\

    Archivos: *.*
	    
  Opciones: *.* /S /DCOPY:DA /COPY:DAT /MOV /R:1 /W:1 

------------------------------------------------------------------------------

	                   5	C:\xampp\htdocs\REPORTES_FONARTE\
	    Nuevo arch		    6148	.DS_Store100%  
	    Nuevo arch		 338.6 m	20220624_May2022_fullreport_fonarte_latino_s_a_de_c_v_US.xls  0.2%  0.5%  0.8%  1.1%  1.4%  1.7%  2.0%  2.3%  2.6%  2.9%  3.2%  3.5%  3.8%  4.1%  4.4%  4.7%  5.0%  5.3%  5.6%  5.9%  6.2%  6.4%  6.7%  7.0%  7.3%  7.6%  7.9%  8.2%  8.5%  8.8%  9.1%  9.4%  9.7% 10.0% 10.3% 10.6% 10.9% 11.2% 11.5% 11.8% 12.1% 12.4% 12.6% 12.9% 13.2% 13.5% 13.8% 14.1% 14.4% 14.7% 15.0% 15.3% 15.6% 15.9% 16.2% 16.5% 16.8% 17.1% 17.4% 17.7% 18.0% 18.3% 18.6% 18.8% 19.1% 19.4% 19.7% 20.0% 20.3% 20.6% 20.9% 21.2% 21.5% 21.8% 22.1% 22.4% 22.7% 23.0% 23.3% 23.6% 23.9% 24.2% 24.5% 24.8% 25.0% 25.3% 25.6% 25.9% 26.2% 26.5% 26.8% 27.1% 27.4% 27.7% 28.0% 28.3% 28.6% 28.9% 29.2% 29.5% 29.8% 30.1% 30.4% 30.7% 31.0% 31.2% 31.5% 31.8% 32.1% 32.4% 32.7% 33.0% 33.3% 33.6% 33.9% 34.2% 34.5% 34.8% 35.1% 35.4% 35.7% 36.0% 36.3% 36.6% 36.9% 37.2% 37.4% 37.7% 38.0% 38.3% 38.6% 38.9% 39.2% 39.5% 39.8% 40.1% 40.4% 40.7% 41.0% 41.3% 41.6% 41.9% 42.2% 42.5% 42.8% 43.1% 43.4% 43.7% 43.9% 44.2% 44.5% 44.8% 45.1% 45.4% 45.7% 46.0% 46.3% 46.6% 46.9% 47.2% 47.5% 47.8% 48.1% 48.4% 48.7% 49.0% 49.3% 49.6% 49.9% 50.1% 50.4% 50.7% 51.0% 51.3% 51.6% 51.9% 52.2% 52.5% 52.8% 53.1% 53.4% 53.7% 54.0% 54.3% 54.6% 54.9% 55.2% 55.5% 55.8% 56.1% 56.3% 56.6% 56.9% 57.2% 57.5% 57.8% 58.1% 58.4% 58.7% 59.0% 59.3% 59.6% 59.9% 60.2% 60.5% 60.8% 61.1% 61.4% 61.7% 62.0% 62.3% 62.5% 62.8% 63.1% 63.4% 63.7% 64.0% 64.3% 64.6% 64.9% 65.2% 65.5% 65.8% 66.1% 66.4% 66.7% 67.0% 67.3% 67.6% 67.9% 68.2% 68.5% 68.7% 69.0% 69.3% 69.6% 69.9% 70.2% 70.5% 70.8% 71.1% 71.4% 71.7% 72.0% 72.3% 72.6% 72.9% 73.2% 73.5% 73.8% 74.1% 74.4% 74.7% 74.9% 75.2% 75.5% 75.8% 76.1% 76.4% 76.7% 77.0% 77.3% 77.6% 77.9% 78.2% 78.5% 78.8% 79.1% 79.4% 79.7% 80.0% 80.3% 80.6% 80.9% 81.1% 81.4% 81.7% 82.0% 82.3% 82.6% 82.9% 83.2% 83.5% 83.8% 84.1% 84.4% 84.7% 85.0% 85.3% 85.6% 85.9% 86.2% 86.5% 86.8% 87.1% 87.4% 87.6% 87.9% 88.2% 88.5% 88.8% 89.1% 89.4% 89.7% 90.0% 90.3% 90.6% 90.9% 91.2% 91.5% 91.8% 92.1% 92.4% 92.7% 93.0% 93.3% 93.6% 93.8% 94.1% 94.4% 94.7% 95.0% 95.3% 95.6% 95.9% 96.2% 96.5% 96.8% 97.1% 97.4% 97.7% 98.0% 98.3% 98.6% 98.9% 99.2% 99.5% 99.8%100%  
	    Nuevo arch		    4292	financial_report.csv100%  
	    Nuevo arch		  11.5 m	TMP_APPLEMUSIC.txt  8.6% 17.3% 25.9% 34.6% 43.3% 51.9% 60.6% 69.3% 77.9% 86.6% 95.2%100%  
	    Nuevo arch		   68567	TMP_ITUNES.txt100%  

------------------------------------------------------------------------------

               Total   Copiado   OmitidoNo coincidencia     ERROR    Extras
Director.:         1         0         1         0         0         0
 Archivos:         5         5         0         0         0         0
    Bytes:  350.29 m  350.29 m         0         0         0         0
   Tiempo:   0:00:03   0:00:03                       0:00:00   0:00:00


Velocidad:           101692666 Bytes/s
Velocidad:            5818.901 Megabytes/min
   Finalizado: viernes, 24 de junio de 2022 09:00:29 p. m.

Total execution time: 0.65 min
