ZIP file [C:\Users\DELL\Documents\REPORTES_FONARTE\20181001_Aug2018_fullreport_fonarte_latino_s_a_de_c_v_US.xls.zip] extracted.
ZIP file [C:\Users\DELL\Documents\REPORTES_FONARTE\apple agosto 2018.zip] extracted.
Getting [Orchard] ready... done.
Getting [Itunes] ready... done.
Getting [Exchange Rate] ready... done.
Getting [Apple Music] ready... done.

C:\Windows\system32>sqlcmd -S fonarte2.database.windows.net -d Reporteador -U Dataguys2 -P Fonarte2018 -I -Q "TRUNCATE TABLE TMP_APPLEMUSIC;" 

C:\Windows\system32>sqlcmd -S fonarte2.database.windows.net -d Reporteador -U Dataguys2 -P Fonarte2018 -I -Q "TRUNCATE TABLE TMP_ITUNES;" 

C:\Windows\system32>sqlcmd -S fonarte2.database.windows.net -d Reporteador -U Dataguys2 -P Fonarte2018 -I -Q "TRUNCATE TABLE TMP_FINANCIAL_REPORT;" 

C:\Windows\system32>sqlcmd -S fonarte2.database.windows.net -d Reporteador -U Dataguys2 -P Fonarte2018 -I -Q "TRUNCATE TABLE TMP_ORCHARD;" 

C:\Windows\system32>REN C:\Users\DELL\Documents\REPORTES_FONARTE\*fullreport*.txt TMP_ORCHARD.txt; 

C:\Windows\system32>REN C:\Users\DELL\Documents\REPORTES_FONARTE\S1*.txt TMP_APPLEMUSIC.txt; 

C:\Windows\system32>REN C:\Users\DELL\Documents\REPORTES_FONARTE\*_ZZ*.txt TMP_ITUNES.txt; 

C:\Windows\system32>REN C:\Users\DELL\Documents\REPORTES_FONARTE\financial*.txt TMP_FINANCIAL_REPORT.txt; 

C:\Windows\system32>bcp TMP_APPLEMUSIC in C:\Users\DELL\Documents\REPORTES_FONARTE\TMP_APPLEMUSIC.txt -S fonarte2.database.windows.net -d Reporteador -U Dataguys2 -P Fonarte2018 -q -c -t \t -r 0x0A -C 65001; 

Starting copy...
1000 rows sent to SQL Server. Total sent: 1000
1000 rows sent to SQL Server. Total sent: 2000
1000 rows sent to SQL Server. Total sent: 3000
1000 rows sent to SQL Server. Total sent: 4000
1000 rows sent to SQL Server. Total sent: 5000
1000 rows sent to SQL Server. Total sent: 6000
1000 rows sent to SQL Server. Total sent: 7000
1000 rows sent to SQL Server. Total sent: 8000
1000 rows sent to SQL Server. Total sent: 9000
1000 rows sent to SQL Server. Total sent: 10000
1000 rows sent to SQL Server. Total sent: 11000
1000 rows sent to SQL Server. Total sent: 12000
1000 rows sent to SQL Server. Total sent: 13000
1000 rows sent to SQL Server. Total sent: 14000
1000 rows sent to SQL Server. Total sent: 15000
1000 rows sent to SQL Server. Total sent: 16000
1000 rows sent to SQL Server. Total sent: 17000
1000 rows sent to SQL Server. Total sent: 18000
1000 rows sent to SQL Server. Total sent: 19000
1000 rows sent to SQL Server. Total sent: 20000
1000 rows sent to SQL Server. Total sent: 21000
1000 rows sent to SQL Server. Total sent: 22000
1000 rows sent to SQL Server. Total sent: 23000
1000 rows sent to SQL Server. Total sent: 24000
1000 rows sent to SQL Server. Total sent: 25000
1000 rows sent to SQL Server. Total sent: 26000
1000 rows sent to SQL Server. Total sent: 27000
1000 rows sent to SQL Server. Total sent: 28000
1000 rows sent to SQL Server. Total sent: 29000
1000 rows sent to SQL Server. Total sent: 30000
1000 rows sent to SQL Server. Total sent: 31000
1000 rows sent to SQL Server. Total sent: 32000
1000 rows sent to SQL Server. Total sent: 33000
1000 rows sent to SQL Server. Total sent: 34000
1000 rows sent to SQL Server. Total sent: 35000
1000 rows sent to SQL Server. Total sent: 36000
1000 rows sent to SQL Server. Total sent: 37000
1000 rows sent to SQL Server. Total sent: 38000
1000 rows sent to SQL Server. Total sent: 39000
1000 rows sent to SQL Server. Total sent: 40000
1000 rows sent to SQL Server. Total sent: 41000
1000 rows sent to SQL Server. Total sent: 42000
1000 rows sent to SQL Server. Total sent: 43000
1000 rows sent to SQL Server. Total sent: 44000
1000 rows sent to SQL Server. Total sent: 45000
1000 rows sent to SQL Server. Total sent: 46000
1000 rows sent to SQL Server. Total sent: 47000
1000 rows sent to SQL Server. Total sent: 48000
1000 rows sent to SQL Server. Total sent: 49000
1000 rows sent to SQL Server. Total sent: 50000
1000 rows sent to SQL Server. Total sent: 51000
1000 rows sent to SQL Server. Total sent: 52000
1000 rows sent to SQL Server. Total sent: 53000
1000 rows sent to SQL Server. Total sent: 54000
1000 rows sent to SQL Server. Total sent: 55000
1000 rows sent to SQL Server. Total sent: 56000
1000 rows sent to SQL Server. Total sent: 57000
1000 rows sent to SQL Server. Total sent: 58000

58949 rows copied.
Network packet size (bytes): 4096
Clock Time (ms.) Total     : 23790  Average : (2477.89 rows per sec.)

C:\Windows\system32>bcp TMP_ITUNES in C:\Users\DELL\Documents\REPORTES_FONARTE\TMP_ITUNES.txt -S fonarte2.database.windows.net -d Reporteador -U Dataguys2 -P Fonarte2018 -q -c -t \t -r 0x0A -C 65001; 

Starting copy...

922 rows copied.
Network packet size (bytes): 4096
Clock Time (ms.) Total     : 561    Average : (1643.49 rows per sec.)

C:\Windows\system32>bcp TMP_FINANCIAL_REPORT in C:\Users\DELL\Documents\REPORTES_FONARTE\TMP_FINANCIAL_REPORT.txt -S fonarte2.database.windows.net -d Reporteador -U Dataguys2 -P Fonarte2018 -q -c -t \t -r 0x0A -C 65001; 

Starting copy...

32 rows copied.
Network packet size (bytes): 4096
Clock Time (ms.) Total     : 156    Average : (205.13 rows per sec.)

C:\Windows\system32>bcp TMP_ORCHARD in C:\Users\DELL\Documents\REPORTES_FONARTE\TMP_ORCHARD.txt -S fonarte2.database.windows.net -d Reporteador -U Dataguys2 -P Fonarte2018 -q -c -t \t -r 0x0A -C 65001; 

Starting copy...
1000 rows sent to SQL Server. Total sent: 1000
1000 rows sent to SQL Server. Total sent: 2000
1000 rows sent to SQL Server. Total sent: 3000
1000 rows sent to SQL Server. Total sent: 4000
1000 rows sent to SQL Server. Total sent: 5000
1000 rows sent to SQL Server. Total sent: 6000
1000 rows sent to SQL Server. Total sent: 7000
1000 rows sent to SQL Server. Total sent: 8000
1000 rows sent to SQL Server. Total sent: 9000
1000 rows sent to SQL Server. Total sent: 10000
1000 rows sent to SQL Server. Total sent: 11000
1000 rows sent to SQL Server. Total sent: 12000
1000 rows sent to SQL Server. Total sent: 13000
1000 rows sent to SQL Server. Total sent: 14000
1000 rows sent to SQL Server. Total sent: 15000
1000 rows sent to SQL Server. Total sent: 16000
1000 rows sent to SQL Server. Total sent: 17000
1000 rows sent to SQL Server. Total sent: 18000
1000 rows sent to SQL Server. Total sent: 19000
1000 rows sent to SQL Server. Total sent: 20000
1000 rows sent to SQL Server. Total sent: 21000
1000 rows sent to SQL Server. Total sent: 22000
1000 rows sent to SQL Server. Total sent: 23000
1000 rows sent to SQL Server. Total sent: 24000
1000 rows sent to SQL Server. Total sent: 25000
1000 rows sent to SQL Server. Total sent: 26000
1000 rows sent to SQL Server. Total sent: 27000
1000 rows sent to SQL Server. Total sent: 28000
1000 rows sent to SQL Server. Total sent: 29000
1000 rows sent to SQL Server. Total sent: 30000
1000 rows sent to SQL Server. Total sent: 31000
1000 rows sent to SQL Server. Total sent: 32000
1000 rows sent to SQL Server. Total sent: 33000
1000 rows sent to SQL Server. Total sent: 34000
1000 rows sent to SQL Server. Total sent: 35000
1000 rows sent to SQL Server. Total sent: 36000
1000 rows sent to SQL Server. Total sent: 37000
1000 rows sent to SQL Server. Total sent: 38000
1000 rows sent to SQL Server. Total sent: 39000
1000 rows sent to SQL Server. Total sent: 40000
1000 rows sent to SQL Server. Total sent: 41000
1000 rows sent to SQL Server. Total sent: 42000
1000 rows sent to SQL Server. Total sent: 43000
1000 rows sent to SQL Server. Total sent: 44000
1000 rows sent to SQL Server. Total sent: 45000
1000 rows sent to SQL Server. Total sent: 46000
1000 rows sent to SQL Server. Total sent: 47000
1000 rows sent to SQL Server. Total sent: 48000
1000 rows sent to SQL Server. Total sent: 49000
1000 rows sent to SQL Server. Total sent: 50000
1000 rows sent to SQL Server. Total sent: 51000
1000 rows sent to SQL Server. Total sent: 52000
1000 rows sent to SQL Server. Total sent: 53000
1000 rows sent to SQL Server. Total sent: 54000
1000 rows sent to SQL Server. Total sent: 55000
1000 rows sent to SQL Server. Total sent: 56000
1000 rows sent to SQL Server. Total sent: 57000
1000 rows sent to SQL Server. Total sent: 58000
1000 rows sent to SQL Server. Total sent: 59000
1000 rows sent to SQL Server. Total sent: 60000
1000 rows sent to SQL Server. Total sent: 61000
1000 rows sent to SQL Server. Total sent: 62000
1000 rows sent to SQL Server. Total sent: 63000
1000 rows sent to SQL Server. Total sent: 64000
1000 rows sent to SQL Server. Total sent: 65000
1000 rows sent to SQL Server. Total sent: 66000
1000 rows sent to SQL Server. Total sent: 67000
1000 rows sent to SQL Server. Total sent: 68000
1000 rows sent to SQL Server. Total sent: 69000
1000 rows sent to SQL Server. Total sent: 70000
1000 rows sent to SQL Server. Total sent: 71000
1000 rows sent to SQL Server. Total sent: 72000
1000 rows sent to SQL Server. Total sent: 73000
1000 rows sent to SQL Server. Total sent: 74000
1000 rows sent to SQL Server. Total sent: 75000
1000 rows sent to SQL Server. Total sent: 76000
1000 rows sent to SQL Server. Total sent: 77000
1000 rows sent to SQL Server. Total sent: 78000
1000 rows sent to SQL Server. Total sent: 79000
1000 rows sent to SQL Server. Total sent: 80000
1000 rows sent to SQL Server. Total sent: 81000
1000 rows sent to SQL Server. Total sent: 82000
1000 rows sent to SQL Server. Total sent: 83000
1000 rows sent to SQL Server. Total sent: 84000
1000 rows sent to SQL Server. Total sent: 85000
1000 rows sent to SQL Server. Total sent: 86000
1000 rows sent to SQL Server. Total sent: 87000
1000 rows sent to SQL Server. Total sent: 88000
1000 rows sent to SQL Server. Total sent: 89000
1000 rows sent to SQL Server. Total sent: 90000
1000 rows sent to SQL Server. Total sent: 91000
1000 rows sent to SQL Server. Total sent: 92000
1000 rows sent to SQL Server. Total sent: 93000
1000 rows sent to SQL Server. Total sent: 94000
1000 rows sent to SQL Server. Total sent: 95000
1000 rows sent to SQL Server. Total sent: 96000
1000 rows sent to SQL Server. Total sent: 97000
1000 rows sent to SQL Server. Total sent: 98000
1000 rows sent to SQL Server. Total sent: 99000
1000 rows sent to SQL Server. Total sent: 100000
1000 rows sent to SQL Server. Total sent: 101000
1000 rows sent to SQL Server. Total sent: 102000
1000 rows sent to SQL Server. Total sent: 103000
1000 rows sent to SQL Server. Total sent: 104000
1000 rows sent to SQL Server. Total sent: 105000
1000 rows sent to SQL Server. Total sent: 106000
1000 rows sent to SQL Server. Total sent: 107000
1000 rows sent to SQL Server. Total sent: 108000
1000 rows sent to SQL Server. Total sent: 109000
1000 rows sent to SQL Server. Total sent: 110000
1000 rows sent to SQL Server. Total sent: 111000
1000 rows sent to SQL Server. Total sent: 112000
1000 rows sent to SQL Server. Total sent: 113000
1000 rows sent to SQL Server. Total sent: 114000
1000 rows sent to SQL Server. Total sent: 115000
1000 rows sent to SQL Server. Total sent: 116000
1000 rows sent to SQL Server. Total sent: 117000
1000 rows sent to SQL Server. Total sent: 118000
1000 rows sent to SQL Server. Total sent: 119000
1000 rows sent to SQL Server. Total sent: 120000
1000 rows sent to SQL Server. Total sent: 121000
1000 rows sent to SQL Server. Total sent: 122000
1000 rows sent to SQL Server. Total sent: 123000
1000 rows sent to SQL Server. Total sent: 124000
1000 rows sent to SQL Server. Total sent: 125000
1000 rows sent to SQL Server. Total sent: 126000
1000 rows sent to SQL Server. Total sent: 127000
1000 rows sent to SQL Server. Total sent: 128000
1000 rows sent to SQL Server. Total sent: 129000
1000 rows sent to SQL Server. Total sent: 130000
1000 rows sent to SQL Server. Total sent: 131000
1000 rows sent to SQL Server. Total sent: 132000
1000 rows sent to SQL Server. Total sent: 133000
1000 rows sent to SQL Server. Total sent: 134000
1000 rows sent to SQL Server. Total sent: 135000
1000 rows sent to SQL Server. Total sent: 136000
1000 rows sent to SQL Server. Total sent: 137000
1000 rows sent to SQL Server. Total sent: 138000
1000 rows sent to SQL Server. Total sent: 139000
1000 rows sent to SQL Server. Total sent: 140000
1000 rows sent to SQL Server. Total sent: 141000
1000 rows sent to SQL Server. Total sent: 142000
1000 rows sent to SQL Server. Total sent: 143000
1000 rows sent to SQL Server. Total sent: 144000
1000 rows sent to SQL Server. Total sent: 145000
1000 rows sent to SQL Server. Total sent: 146000
1000 rows sent to SQL Server. Total sent: 147000
1000 rows sent to SQL Server. Total sent: 148000
1000 rows sent to SQL Server. Total sent: 149000
1000 rows sent to SQL Server. Total sent: 150000
1000 rows sent to SQL Server. Total sent: 151000
1000 rows sent to SQL Server. Total sent: 152000
1000 rows sent to SQL Server. Total sent: 153000
1000 rows sent to SQL Server. Total sent: 154000
1000 rows sent to SQL Server. Total sent: 155000
1000 rows sent to SQL Server. Total sent: 156000
1000 rows sent to SQL Server. Total sent: 157000
1000 rows sent to SQL Server. Total sent: 158000
1000 rows sent to SQL Server. Total sent: 159000
1000 rows sent to SQL Server. Total sent: 160000
1000 rows sent to SQL Server. Total sent: 161000
1000 rows sent to SQL Server. Total sent: 162000
1000 rows sent to SQL Server. Total sent: 163000
1000 rows sent to SQL Server. Total sent: 164000
1000 rows sent to SQL Server. Total sent: 165000
1000 rows sent to SQL Server. Total sent: 166000
1000 rows sent to SQL Server. Total sent: 167000
1000 rows sent to SQL Server. Total sent: 168000
1000 rows sent to SQL Server. Total sent: 169000
1000 rows sent to SQL Server. Total sent: 170000
1000 rows sent to SQL Server. Total sent: 171000
1000 rows sent to SQL Server. Total sent: 172000
1000 rows sent to SQL Server. Total sent: 173000
1000 rows sent to SQL Server. Total sent: 174000
1000 rows sent to SQL Server. Total sent: 175000
1000 rows sent to SQL Server. Total sent: 176000
1000 rows sent to SQL Server. Total sent: 177000
1000 rows sent to SQL Server. Total sent: 178000
1000 rows sent to SQL Server. Total sent: 179000
1000 rows sent to SQL Server. Total sent: 180000
1000 rows sent to SQL Server. Total sent: 181000
1000 rows sent to SQL Server. Total sent: 182000
1000 rows sent to SQL Server. Total sent: 183000
1000 rows sent to SQL Server. Total sent: 184000
1000 rows sent to SQL Server. Total sent: 185000
1000 rows sent to SQL Server. Total sent: 186000
1000 rows sent to SQL Server. Total sent: 187000
1000 rows sent to SQL Server. Total sent: 188000
1000 rows sent to SQL Server. Total sent: 189000
1000 rows sent to SQL Server. Total sent: 190000
1000 rows sent to SQL Server. Total sent: 191000
1000 rows sent to SQL Server. Total sent: 192000
1000 rows sent to SQL Server. Total sent: 193000
1000 rows sent to SQL Server. Total sent: 194000
1000 rows sent to SQL Server. Total sent: 195000
1000 rows sent to SQL Server. Total sent: 196000
1000 rows sent to SQL Server. Total sent: 197000
1000 rows sent to SQL Server. Total sent: 198000
1000 rows sent to SQL Server. Total sent: 199000
1000 rows sent to SQL Server. Total sent: 200000
1000 rows sent to SQL Server. Total sent: 201000
1000 rows sent to SQL Server. Total sent: 202000
1000 rows sent to SQL Server. Total sent: 203000
1000 rows sent to SQL Server. Total sent: 204000
1000 rows sent to SQL Server. Total sent: 205000
1000 rows sent to SQL Server. Total sent: 206000
1000 rows sent to SQL Server. Total sent: 207000
1000 rows sent to SQL Server. Total sent: 208000
1000 rows sent to SQL Server. Total sent: 209000
1000 rows sent to SQL Server. Total sent: 210000
1000 rows sent to SQL Server. Total sent: 211000
1000 rows sent to SQL Server. Total sent: 212000
1000 rows sent to SQL Server. Total sent: 213000
1000 rows sent to SQL Server. Total sent: 214000
1000 rows sent to SQL Server. Total sent: 215000
1000 rows sent to SQL Server. Total sent: 216000
1000 rows sent to SQL Server. Total sent: 217000

217253 rows copied.
Network packet size (bytes): 4096
Clock Time (ms.) Total     : 120838 Average : (1797.89 rows per sec.)

C:\Windows\system32>sqlcmd -S fonarte2.database.windows.net -d Reporteador -U Dataguys2 -P Fonarte2018 -I -Q "INSERT INTO APPLEMUSIC SELECT * FROM TMP_APPLEMUSIC;" 

(58949 rows affected)

C:\Windows\system32>sqlcmd -S fonarte2.database.windows.net -d Reporteador -U Dataguys2 -P Fonarte2018 -I -Q "INSERT INTO ITUNES SELECT * FROM TMP_ITUNES;" 

(922 rows affected)

C:\Windows\system32>sqlcmd -S fonarte2.database.windows.net -d Reporteador -U Dataguys2 -P Fonarte2018 -I -Q "INSERT INTO ORCHARD SELECT * FROM TMP_ORCHARD;" 

(217253 rows affected)

C:\Windows\system32>sqlcmd -S fonarte2.database.windows.net -d Reporteador -U Dataguys2 -P Fonarte2018 -I -Q "INSERT INTO APPLE_CURRENCY SELECT LEFT(RIGHT(DIVISA,4),3), TIPO_DE_CAMBIO, ANIO, MES FROM TMP_FINANCIAL_REPORT;" 

(32 rows affected)

C:\Windows\system32>Robocopy C:\Users\DELL\Documents\REPORTES_FONARTE C:\Users\DELL\Documents\REPORTES_FONARTE_PROCESADOS /mov /s /w:1 /r:1 

-------------------------------------------------------------------------------
   ROBOCOPY     ::     Herramienta para copia eficaz de archivos                             
-------------------------------------------------------------------------------

  Inicio: Wed Oct 17 12:18:24 2018

   Origen : C:\Users\DELL\Documents\REPORTES_FONARTE\
     Destino : C:\Users\DELL\Documents\REPORTES_FONARTE_PROCESADOS\

    Archivos: *.*
	    
  Opciones: *.* /S /COPY:DAT /MOV /R:1 /W:1 

------------------------------------------------------------------------------

	                   5	C:\Users\DELL\Documents\REPORTES_FONARTE\
	    Nuevo arch  		    6148	.DS_Store  0%  100%  
	    Más reciente     		   9.1 m	TMP_APPLEMUSIC.txt  0.0% 10.9% 21.8% 32.7% 43.7% 54.6% 65.5% 76.4% 87.4% 98.3%100%  
	    Más reciente     		    2221	TMP_FINANCIAL_REPORT.txt  0%  100%  
	    Más reciente     		  154530	TMP_ITUNES.txt  0%   84%  100%  
	    Más reciente     		  61.9 m	TMP_ORCHARD.txt  0.0%  1.6%  3.2%  4.8%  6.4%  8.0%  9.6% 11.3% 12.9% 14.5% 16.1% 17.7% 19.3% 21.0% 22.6% 24.2% 25.8% 27.4% 29.0% 30.6% 32.3% 33.9% 35.5% 37.1% 38.7% 40.3% 42.0% 43.6% 45.2% 46.8% 48.4% 50.0% 51.6% 53.3% 54.9% 56.5% 58.1% 59.7% 61.3% 63.0% 64.6% 66.2% 67.8% 69.4% 71.0% 72.6% 74.3% 75.9% 77.5% 79.1% 80.7% 82.3% 84.0% 85.6% 87.2% 88.8% 90.4% 92.0% 93.6% 95.3% 96.9% 98.5%100%  

------------------------------------------------------------------------------

               Total   Copiado   OmitidoNo coincidencia     ERROR    Extras
Directorios:         1         0         1         0         0         0
 Archivos:         5         5         0         0         0         0
    Bytes:   71.21 m   71.21 m         0         0         0         0
    Veces:   0:00:00   0:00:00                       0:00:00   0:00:00


Velocidad:           429138603 Bytes/s
Velocidad:           24555.507 Megabytes/min

Finalizado: Wed Oct 17 12:18:25 2018
Total execution time: 12.83 min
