ZIP file [C:\Users\DELL\Documents\REPORTES_FONARTE\20190927_Aug2019_fullreport_fonarte_latino_s_a_de_c_v_US.xls.zip] extracted.
ZIP file [C:\Users\DELL\Documents\REPORTES_FONARTE\apple Agosto 2019.zip] extracted.
Getting [Orchard] ready... done.
Getting [Itunes] ready... done.
Getting [Exchange Rate] ready... done.
Getting [Apple Music] ready... done.

C:\Windows\system32>sqlcmd -S fonarte2.database.windows.net -d Reporteador -U Dataguys2 -P Fonarte2018 -I -Q "TRUNCATE TABLE TMP_APPLEMUSIC;" 

C:\Windows\system32>sqlcmd -S fonarte2.database.windows.net -d Reporteador -U Dataguys2 -P Fonarte2018 -I -Q "TRUNCATE TABLE TMP_ITUNES;" 
Sqlcmd: Error: Microsoft ODBC Driver 13 for SQL Server : SSL Provider: Se produjo un error durante el intento de conexión ya que la parte conectada no respondió adecuadamente tras un periodo de tiempo, o bien se produjo un error en la conexión establecida ya que el host conectado no ha podido responder.
.
Sqlcmd: Error: Microsoft ODBC Driver 13 for SQL Server : Client unable to establish connection.

C:\Windows\system32>sqlcmd -S fonarte2.database.windows.net -d Reporteador -U Dataguys2 -P Fonarte2018 -I -Q "TRUNCATE TABLE TMP_FINANCIAL_REPORT;" 

C:\Windows\system32>sqlcmd -S fonarte2.database.windows.net -d Reporteador -U Dataguys2 -P Fonarte2018 -I -Q "TRUNCATE TABLE TMP_ORCHARD;" 

C:\Windows\system32>REN C:\Users\DELL\Documents\REPORTES_FONARTE\*fullreport*.txt TMP_ORCHARD.txt; 

C:\Windows\system32>REN C:\Users\DELL\Documents\REPORTES_FONARTE\S1*.txt TMP_APPLEMUSIC.txt; 

C:\Windows\system32>REN C:\Users\DELL\Documents\REPORTES_FONARTE\*_ZZ*.txt TMP_ITUNES.txt; 

C:\Windows\system32>REN C:\Users\DELL\Documents\REPORTES_FONARTE\financial*.txt TMP_FINANCIAL_REPORT.txt; 

C:\Windows\system32>bcp TMP_APPLEMUSIC in C:\Users\DELL\Documents\REPORTES_FONARTE\TMP_APPLEMUSIC.txt -S fonarte2.database.windows.net -d Reporteador -U Dataguys2 -P Fonarte2018 -q -c -t \t -r 0x0A -C 65001; 

Starting copy...
1000 rows sent to SQL Server. Total sent: 1000
1000 rows sent to SQL Server. Total sent: 2000
1000 rows sent to SQL Server. Total sent: 3000
1000 rows sent to SQL Server. Total sent: 4000
1000 rows sent to SQL Server. Total sent: 5000
1000 rows sent to SQL Server. Total sent: 6000
1000 rows sent to SQL Server. Total sent: 7000
1000 rows sent to SQL Server. Total sent: 8000
1000 rows sent to SQL Server. Total sent: 9000
1000 rows sent to SQL Server. Total sent: 10000
1000 rows sent to SQL Server. Total sent: 11000
1000 rows sent to SQL Server. Total sent: 12000
1000 rows sent to SQL Server. Total sent: 13000
1000 rows sent to SQL Server. Total sent: 14000
1000 rows sent to SQL Server. Total sent: 15000
1000 rows sent to SQL Server. Total sent: 16000
1000 rows sent to SQL Server. Total sent: 17000
1000 rows sent to SQL Server. Total sent: 18000
1000 rows sent to SQL Server. Total sent: 19000
1000 rows sent to SQL Server. Total sent: 20000
1000 rows sent to SQL Server. Total sent: 21000
1000 rows sent to SQL Server. Total sent: 22000
1000 rows sent to SQL Server. Total sent: 23000
1000 rows sent to SQL Server. Total sent: 24000
1000 rows sent to SQL Server. Total sent: 25000
1000 rows sent to SQL Server. Total sent: 26000
1000 rows sent to SQL Server. Total sent: 27000
1000 rows sent to SQL Server. Total sent: 28000
1000 rows sent to SQL Server. Total sent: 29000
1000 rows sent to SQL Server. Total sent: 30000
1000 rows sent to SQL Server. Total sent: 31000
1000 rows sent to SQL Server. Total sent: 32000
1000 rows sent to SQL Server. Total sent: 33000
1000 rows sent to SQL Server. Total sent: 34000
1000 rows sent to SQL Server. Total sent: 35000
1000 rows sent to SQL Server. Total sent: 36000
1000 rows sent to SQL Server. Total sent: 37000
1000 rows sent to SQL Server. Total sent: 38000
1000 rows sent to SQL Server. Total sent: 39000
1000 rows sent to SQL Server. Total sent: 40000
1000 rows sent to SQL Server. Total sent: 41000
1000 rows sent to SQL Server. Total sent: 42000
1000 rows sent to SQL Server. Total sent: 43000
1000 rows sent to SQL Server. Total sent: 44000
1000 rows sent to SQL Server. Total sent: 45000
1000 rows sent to SQL Server. Total sent: 46000
1000 rows sent to SQL Server. Total sent: 47000
1000 rows sent to SQL Server. Total sent: 48000
1000 rows sent to SQL Server. Total sent: 49000
1000 rows sent to SQL Server. Total sent: 50000
1000 rows sent to SQL Server. Total sent: 51000
1000 rows sent to SQL Server. Total sent: 52000
1000 rows sent to SQL Server. Total sent: 53000
1000 rows sent to SQL Server. Total sent: 54000
1000 rows sent to SQL Server. Total sent: 55000
1000 rows sent to SQL Server. Total sent: 56000
1000 rows sent to SQL Server. Total sent: 57000
1000 rows sent to SQL Server. Total sent: 58000
1000 rows sent to SQL Server. Total sent: 59000
1000 rows sent to SQL Server. Total sent: 60000
1000 rows sent to SQL Server. Total sent: 61000
1000 rows sent to SQL Server. Total sent: 62000
1000 rows sent to SQL Server. Total sent: 63000
1000 rows sent to SQL Server. Total sent: 64000
1000 rows sent to SQL Server. Total sent: 65000

65421 rows copied.
Network packet size (bytes): 4096
Clock Time (ms.) Total     : 32479  Average : (2014.26 rows per sec.)

C:\Windows\system32>bcp TMP_ITUNES in C:\Users\DELL\Documents\REPORTES_FONARTE\TMP_ITUNES.txt -S fonarte2.database.windows.net -d Reporteador -U Dataguys2 -P Fonarte2018 -q -c -t \t -r 0x0A -C 65001; 

Starting copy...

657 rows copied.
Network packet size (bytes): 4096
Clock Time (ms.) Total     : 4415   Average : (148.81 rows per sec.)

C:\Windows\system32>bcp TMP_FINANCIAL_REPORT in C:\Users\DELL\Documents\REPORTES_FONARTE\TMP_FINANCIAL_REPORT.txt -S fonarte2.database.windows.net -d Reporteador -U Dataguys2 -P Fonarte2018 -q -c -t \t -r 0x0A -C 65001; 

Starting copy...

25 rows copied.
Network packet size (bytes): 4096
Clock Time (ms.) Total     : 249    Average : (100.40 rows per sec.)

C:\Windows\system32>bcp TMP_ORCHARD in C:\Users\DELL\Documents\REPORTES_FONARTE\TMP_ORCHARD.txt -S fonarte2.database.windows.net -d Reporteador -U Dataguys2 -P Fonarte2018 -q -c -t \t -r 0x0A -C 65001; 

Starting copy...
1000 rows sent to SQL Server. Total sent: 1000
1000 rows sent to SQL Server. Total sent: 2000
1000 rows sent to SQL Server. Total sent: 3000
1000 rows sent to SQL Server. Total sent: 4000
1000 rows sent to SQL Server. Total sent: 5000
1000 rows sent to SQL Server. Total sent: 6000
1000 rows sent to SQL Server. Total sent: 7000
1000 rows sent to SQL Server. Total sent: 8000
1000 rows sent to SQL Server. Total sent: 9000
1000 rows sent to SQL Server. Total sent: 10000
1000 rows sent to SQL Server. Total sent: 11000
1000 rows sent to SQL Server. Total sent: 12000
1000 rows sent to SQL Server. Total sent: 13000
1000 rows sent to SQL Server. Total sent: 14000
1000 rows sent to SQL Server. Total sent: 15000
1000 rows sent to SQL Server. Total sent: 16000
1000 rows sent to SQL Server. Total sent: 17000
1000 rows sent to SQL Server. Total sent: 18000
1000 rows sent to SQL Server. Total sent: 19000
1000 rows sent to SQL Server. Total sent: 20000
1000 rows sent to SQL Server. Total sent: 21000
1000 rows sent to SQL Server. Total sent: 22000
1000 rows sent to SQL Server. Total sent: 23000
1000 rows sent to SQL Server. Total sent: 24000
1000 rows sent to SQL Server. Total sent: 25000
1000 rows sent to SQL Server. Total sent: 26000
1000 rows sent to SQL Server. Total sent: 27000
1000 rows sent to SQL Server. Total sent: 28000
1000 rows sent to SQL Server. Total sent: 29000
1000 rows sent to SQL Server. Total sent: 30000
1000 rows sent to SQL Server. Total sent: 31000
1000 rows sent to SQL Server. Total sent: 32000
1000 rows sent to SQL Server. Total sent: 33000
1000 rows sent to SQL Server. Total sent: 34000
1000 rows sent to SQL Server. Total sent: 35000
1000 rows sent to SQL Server. Total sent: 36000
1000 rows sent to SQL Server. Total sent: 37000
1000 rows sent to SQL Server. Total sent: 38000
1000 rows sent to SQL Server. Total sent: 39000
1000 rows sent to SQL Server. Total sent: 40000
1000 rows sent to SQL Server. Total sent: 41000
1000 rows sent to SQL Server. Total sent: 42000
1000 rows sent to SQL Server. Total sent: 43000
1000 rows sent to SQL Server. Total sent: 44000
1000 rows sent to SQL Server. Total sent: 45000
1000 rows sent to SQL Server. Total sent: 46000
1000 rows sent to SQL Server. Total sent: 47000
1000 rows sent to SQL Server. Total sent: 48000
1000 rows sent to SQL Server. Total sent: 49000
1000 rows sent to SQL Server. Total sent: 50000
1000 rows sent to SQL Server. Total sent: 51000
1000 rows sent to SQL Server. Total sent: 52000
1000 rows sent to SQL Server. Total sent: 53000
1000 rows sent to SQL Server. Total sent: 54000
1000 rows sent to SQL Server. Total sent: 55000
1000 rows sent to SQL Server. Total sent: 56000
1000 rows sent to SQL Server. Total sent: 57000
1000 rows sent to SQL Server. Total sent: 58000
1000 rows sent to SQL Server. Total sent: 59000
1000 rows sent to SQL Server. Total sent: 60000
1000 rows sent to SQL Server. Total sent: 61000
1000 rows sent to SQL Server. Total sent: 62000
1000 rows sent to SQL Server. Total sent: 63000
1000 rows sent to SQL Server. Total sent: 64000
1000 rows sent to SQL Server. Total sent: 65000
1000 rows sent to SQL Server. Total sent: 66000
1000 rows sent to SQL Server. Total sent: 67000
1000 rows sent to SQL Server. Total sent: 68000
1000 rows sent to SQL Server. Total sent: 69000
1000 rows sent to SQL Server. Total sent: 70000
1000 rows sent to SQL Server. Total sent: 71000
1000 rows sent to SQL Server. Total sent: 72000
1000 rows sent to SQL Server. Total sent: 73000
1000 rows sent to SQL Server. Total sent: 74000
1000 rows sent to SQL Server. Total sent: 75000
1000 rows sent to SQL Server. Total sent: 76000
1000 rows sent to SQL Server. Total sent: 77000
1000 rows sent to SQL Server. Total sent: 78000
1000 rows sent to SQL Server. Total sent: 79000
1000 rows sent to SQL Server. Total sent: 80000
1000 rows sent to SQL Server. Total sent: 81000
1000 rows sent to SQL Server. Total sent: 82000
1000 rows sent to SQL Server. Total sent: 83000
1000 rows sent to SQL Server. Total sent: 84000
1000 rows sent to SQL Server. Total sent: 85000
1000 rows sent to SQL Server. Total sent: 86000
1000 rows sent to SQL Server. Total sent: 87000
1000 rows sent to SQL Server. Total sent: 88000
1000 rows sent to SQL Server. Total sent: 89000
1000 rows sent to SQL Server. Total sent: 90000
1000 rows sent to SQL Server. Total sent: 91000
1000 rows sent to SQL Server. Total sent: 92000
1000 rows sent to SQL Server. Total sent: 93000
1000 rows sent to SQL Server. Total sent: 94000
1000 rows sent to SQL Server. Total sent: 95000
1000 rows sent to SQL Server. Total sent: 96000
1000 rows sent to SQL Server. Total sent: 97000
1000 rows sent to SQL Server. Total sent: 98000
1000 rows sent to SQL Server. Total sent: 99000
1000 rows sent to SQL Server. Total sent: 100000
1000 rows sent to SQL Server. Total sent: 101000
1000 rows sent to SQL Server. Total sent: 102000
1000 rows sent to SQL Server. Total sent: 103000
1000 rows sent to SQL Server. Total sent: 104000
1000 rows sent to SQL Server. Total sent: 105000
1000 rows sent to SQL Server. Total sent: 106000
1000 rows sent to SQL Server. Total sent: 107000
1000 rows sent to SQL Server. Total sent: 108000
1000 rows sent to SQL Server. Total sent: 109000
1000 rows sent to SQL Server. Total sent: 110000
1000 rows sent to SQL Server. Total sent: 111000
1000 rows sent to SQL Server. Total sent: 112000
1000 rows sent to SQL Server. Total sent: 113000
1000 rows sent to SQL Server. Total sent: 114000
1000 rows sent to SQL Server. Total sent: 115000
1000 rows sent to SQL Server. Total sent: 116000
1000 rows sent to SQL Server. Total sent: 117000
1000 rows sent to SQL Server. Total sent: 118000
1000 rows sent to SQL Server. Total sent: 119000
1000 rows sent to SQL Server. Total sent: 120000
1000 rows sent to SQL Server. Total sent: 121000
1000 rows sent to SQL Server. Total sent: 122000
1000 rows sent to SQL Server. Total sent: 123000
1000 rows sent to SQL Server. Total sent: 124000
1000 rows sent to SQL Server. Total sent: 125000
1000 rows sent to SQL Server. Total sent: 126000
1000 rows sent to SQL Server. Total sent: 127000
1000 rows sent to SQL Server. Total sent: 128000
1000 rows sent to SQL Server. Total sent: 129000
1000 rows sent to SQL Server. Total sent: 130000
1000 rows sent to SQL Server. Total sent: 131000
1000 rows sent to SQL Server. Total sent: 132000
1000 rows sent to SQL Server. Total sent: 133000
1000 rows sent to SQL Server. Total sent: 134000
1000 rows sent to SQL Server. Total sent: 135000
1000 rows sent to SQL Server. Total sent: 136000
1000 rows sent to SQL Server. Total sent: 137000
1000 rows sent to SQL Server. Total sent: 138000
1000 rows sent to SQL Server. Total sent: 139000
1000 rows sent to SQL Server. Total sent: 140000
1000 rows sent to SQL Server. Total sent: 141000
1000 rows sent to SQL Server. Total sent: 142000
1000 rows sent to SQL Server. Total sent: 143000
1000 rows sent to SQL Server. Total sent: 144000
1000 rows sent to SQL Server. Total sent: 145000
1000 rows sent to SQL Server. Total sent: 146000
1000 rows sent to SQL Server. Total sent: 147000
1000 rows sent to SQL Server. Total sent: 148000
1000 rows sent to SQL Server. Total sent: 149000
1000 rows sent to SQL Server. Total sent: 150000
1000 rows sent to SQL Server. Total sent: 151000
1000 rows sent to SQL Server. Total sent: 152000
1000 rows sent to SQL Server. Total sent: 153000
1000 rows sent to SQL Server. Total sent: 154000
1000 rows sent to SQL Server. Total sent: 155000
1000 rows sent to SQL Server. Total sent: 156000
1000 rows sent to SQL Server. Total sent: 157000
1000 rows sent to SQL Server. Total sent: 158000
1000 rows sent to SQL Server. Total sent: 159000
1000 rows sent to SQL Server. Total sent: 160000
1000 rows sent to SQL Server. Total sent: 161000
1000 rows sent to SQL Server. Total sent: 162000
1000 rows sent to SQL Server. Total sent: 163000
1000 rows sent to SQL Server. Total sent: 164000
1000 rows sent to SQL Server. Total sent: 165000
1000 rows sent to SQL Server. Total sent: 166000
1000 rows sent to SQL Server. Total sent: 167000
1000 rows sent to SQL Server. Total sent: 168000
1000 rows sent to SQL Server. Total sent: 169000
1000 rows sent to SQL Server. Total sent: 170000
1000 rows sent to SQL Server. Total sent: 171000
1000 rows sent to SQL Server. Total sent: 172000
1000 rows sent to SQL Server. Total sent: 173000
1000 rows sent to SQL Server. Total sent: 174000
1000 rows sent to SQL Server. Total sent: 175000
1000 rows sent to SQL Server. Total sent: 176000
1000 rows sent to SQL Server. Total sent: 177000
1000 rows sent to SQL Server. Total sent: 178000
1000 rows sent to SQL Server. Total sent: 179000
1000 rows sent to SQL Server. Total sent: 180000
1000 rows sent to SQL Server. Total sent: 181000
1000 rows sent to SQL Server. Total sent: 182000
1000 rows sent to SQL Server. Total sent: 183000
1000 rows sent to SQL Server. Total sent: 184000
1000 rows sent to SQL Server. Total sent: 185000
1000 rows sent to SQL Server. Total sent: 186000
1000 rows sent to SQL Server. Total sent: 187000
1000 rows sent to SQL Server. Total sent: 188000
1000 rows sent to SQL Server. Total sent: 189000
1000 rows sent to SQL Server. Total sent: 190000
1000 rows sent to SQL Server. Total sent: 191000
1000 rows sent to SQL Server. Total sent: 192000
1000 rows sent to SQL Server. Total sent: 193000
1000 rows sent to SQL Server. Total sent: 194000
1000 rows sent to SQL Server. Total sent: 195000
1000 rows sent to SQL Server. Total sent: 196000
1000 rows sent to SQL Server. Total sent: 197000
1000 rows sent to SQL Server. Total sent: 198000
1000 rows sent to SQL Server. Total sent: 199000
1000 rows sent to SQL Server. Total sent: 200000
1000 rows sent to SQL Server. Total sent: 201000
1000 rows sent to SQL Server. Total sent: 202000
1000 rows sent to SQL Server. Total sent: 203000
1000 rows sent to SQL Server. Total sent: 204000
1000 rows sent to SQL Server. Total sent: 205000
1000 rows sent to SQL Server. Total sent: 206000
1000 rows sent to SQL Server. Total sent: 207000
1000 rows sent to SQL Server. Total sent: 208000
1000 rows sent to SQL Server. Total sent: 209000
1000 rows sent to SQL Server. Total sent: 210000
1000 rows sent to SQL Server. Total sent: 211000
1000 rows sent to SQL Server. Total sent: 212000
1000 rows sent to SQL Server. Total sent: 213000
1000 rows sent to SQL Server. Total sent: 214000
1000 rows sent to SQL Server. Total sent: 215000
1000 rows sent to SQL Server. Total sent: 216000
1000 rows sent to SQL Server. Total sent: 217000
1000 rows sent to SQL Server. Total sent: 218000
1000 rows sent to SQL Server. Total sent: 219000
1000 rows sent to SQL Server. Total sent: 220000
1000 rows sent to SQL Server. Total sent: 221000
1000 rows sent to SQL Server. Total sent: 222000
1000 rows sent to SQL Server. Total sent: 223000
1000 rows sent to SQL Server. Total sent: 224000
1000 rows sent to SQL Server. Total sent: 225000
1000 rows sent to SQL Server. Total sent: 226000
1000 rows sent to SQL Server. Total sent: 227000
1000 rows sent to SQL Server. Total sent: 228000
1000 rows sent to SQL Server. Total sent: 229000
1000 rows sent to SQL Server. Total sent: 230000
1000 rows sent to SQL Server. Total sent: 231000
1000 rows sent to SQL Server. Total sent: 232000
1000 rows sent to SQL Server. Total sent: 233000
1000 rows sent to SQL Server. Total sent: 234000
1000 rows sent to SQL Server. Total sent: 235000
1000 rows sent to SQL Server. Total sent: 236000
1000 rows sent to SQL Server. Total sent: 237000
1000 rows sent to SQL Server. Total sent: 238000
1000 rows sent to SQL Server. Total sent: 239000
1000 rows sent to SQL Server. Total sent: 240000
1000 rows sent to SQL Server. Total sent: 241000
1000 rows sent to SQL Server. Total sent: 242000
1000 rows sent to SQL Server. Total sent: 243000
1000 rows sent to SQL Server. Total sent: 244000
1000 rows sent to SQL Server. Total sent: 245000
1000 rows sent to SQL Server. Total sent: 246000
1000 rows sent to SQL Server. Total sent: 247000
1000 rows sent to SQL Server. Total sent: 248000
1000 rows sent to SQL Server. Total sent: 249000
1000 rows sent to SQL Server. Total sent: 250000
1000 rows sent to SQL Server. Total sent: 251000
1000 rows sent to SQL Server. Total sent: 252000
1000 rows sent to SQL Server. Total sent: 253000
1000 rows sent to SQL Server. Total sent: 254000
1000 rows sent to SQL Server. Total sent: 255000
1000 rows sent to SQL Server. Total sent: 256000
1000 rows sent to SQL Server. Total sent: 257000
1000 rows sent to SQL Server. Total sent: 258000
1000 rows sent to SQL Server. Total sent: 259000
1000 rows sent to SQL Server. Total sent: 260000
1000 rows sent to SQL Server. Total sent: 261000

261496 rows copied.
Network packet size (bytes): 4096
Clock Time (ms.) Total     : 147140 Average : (1777.19 rows per sec.)

C:\Windows\system32>sqlcmd -S fonarte2.database.windows.net -d Reporteador -U Dataguys2 -P Fonarte2018 -I -Q "INSERT INTO APPLEMUSIC SELECT * FROM TMP_APPLEMUSIC;" 

(65421 rows affected)

C:\Windows\system32>sqlcmd -S fonarte2.database.windows.net -d Reporteador -U Dataguys2 -P Fonarte2018 -I -Q "INSERT INTO ITUNES SELECT * FROM TMP_ITUNES;" 

(1352 rows affected)

C:\Windows\system32>sqlcmd -S fonarte2.database.windows.net -d Reporteador -U Dataguys2 -P Fonarte2018 -I -Q "INSERT INTO ORCHARD SELECT * FROM TMP_ORCHARD;" 

(261496 rows affected)

C:\Windows\system32>sqlcmd -S fonarte2.database.windows.net -d Reporteador -U Dataguys2 -P Fonarte2018 -I -Q "INSERT INTO APPLE_CURRENCY SELECT LEFT(RIGHT(DIVISA,4),3), TIPO_DE_CAMBIO, ANIO, MES FROM TMP_FINANCIAL_REPORT;" 

(25 rows affected)

C:\Windows\system32>Robocopy C:\Users\DELL\Documents\REPORTES_FONARTE C:\Users\DELL\Documents\REPORTES_FONARTE_PROCESADOS /mov /s /w:1 /r:1 

-------------------------------------------------------------------------------
   ROBOCOPY     ::     Herramienta para copia eficaz de archivos                             
-------------------------------------------------------------------------------

  Inicio: Tue Oct 08 12:10:25 2019

   Origen : C:\Users\DELL\Documents\REPORTES_FONARTE\
     Destino : C:\Users\DELL\Documents\REPORTES_FONARTE_PROCESADOS\

    Archivos: *.*
	    
  Opciones: *.* /S /COPY:DAT /MOV /R:1 /W:1 

------------------------------------------------------------------------------

	                   5	C:\Users\DELL\Documents\REPORTES_FONARTE\
	    Más reciente     		    6148	.DS_Store  0%  100%  
	    Más reciente     		  10.2 m	TMP_APPLEMUSIC.txt  0.0%  9.7% 19.5% 29.3% 39.1% 48.9% 58.7% 68.5% 78.3% 88.1% 97.9%100%  
	    Más reciente     		    1785	TMP_FINANCIAL_REPORT.txt  0%  100%  
	    Más reciente     		  110288	TMP_ITUNES.txt  0%  100%  
	    Más reciente     		  75.4 m	TMP_ORCHARD.txt  0.0%  1.3%  2.6%  3.9%  5.2%  6.6%  7.9%  9.2% 10.5% 11.9% 13.2% 14.5% 15.8% 17.2% 18.5% 19.8% 21.1% 22.5% 23.8% 25.1% 26.4% 27.8% 29.1% 30.4% 31.7% 33.1% 34.4% 35.7% 37.0% 38.4% 39.7% 41.0% 42.3% 43.7% 45.0% 46.3% 47.6% 49.0% 50.3% 51.6% 52.9% 54.3% 55.6% 56.9% 58.2% 59.6% 60.9% 62.2% 63.5% 64.9% 66.2% 67.5% 68.8% 70.2% 71.5% 72.8% 74.1% 75.5% 76.8% 78.1% 79.4% 80.8% 82.1% 83.4% 84.7% 86.1% 87.4% 88.7% 90.0% 91.4% 92.7% 94.0% 95.3% 96.7% 98.0% 99.3%100%  

------------------------------------------------------------------------------

               Total   Copiado   OmitidoNo coincidencia     ERROR    Extras
Directorios:         1         0         1         0         0         0
 Archivos:         5         5         0         0         0         0
    Bytes:   85.81 m   85.81 m         0         0         0         0
    Veces:   0:00:00   0:00:00                       0:00:00   0:00:00


Velocidad:           957225106 Bytes/s
Velocidad:           54772.859 Megabytes/min

Finalizado: Tue Oct 08 12:10:25 2019
Total execution time: 10.41 min
