ZIP file [C:\Users\DELL\Documents\REPORTES_FONARTE\20190626_May2019_fullreport_fonarte_latino_s_a_de_c_v_US.xls.zip] extracted.
ZIP file [C:\Users\DELL\Documents\REPORTES_FONARTE\apple mayo 2019.zip] extracted.
Getting [Orchard] ready... done.
Getting [Itunes] ready... done.
Getting [Exchange Rate] ready... done.
Getting [Apple Music] ready... done.

C:\Windows\system32>sqlcmd -S fonarte2.database.windows.net -d Reporteador -U Dataguys2 -P Fonarte2018 -I -Q "TRUNCATE TABLE TMP_APPLEMUSIC;" 
Sqlcmd: Error: Microsoft ODBC Driver 13 for SQL Server : Cannot open server 'fonarte2' requested by the login. Client with IP address '201.137.191.134' is not allowed to access the server.  To enable access, use the Windows Azure Management Portal or run sp_set_firewall_rule on the master database to create a firewall rule for this IP address or address range.  It may take up to five minutes for this change to take effect..

C:\Windows\system32>sqlcmd -S fonarte2.database.windows.net -d Reporteador -U Dataguys2 -P Fonarte2018 -I -Q "TRUNCATE TABLE TMP_ITUNES;" 
Sqlcmd: Error: Microsoft ODBC Driver 13 for SQL Server : Cannot open server 'fonarte2' requested by the login. Client with IP address '201.137.191.134' is not allowed to access the server.  To enable access, use the Windows Azure Management Portal or run sp_set_firewall_rule on the master database to create a firewall rule for this IP address or address range.  It may take up to five minutes for this change to take effect..

C:\Windows\system32>sqlcmd -S fonarte2.database.windows.net -d Reporteador -U Dataguys2 -P Fonarte2018 -I -Q "TRUNCATE TABLE TMP_FINANCIAL_REPORT;" 
Sqlcmd: Error: Microsoft ODBC Driver 13 for SQL Server : Cannot open server 'fonarte2' requested by the login. Client with IP address '201.137.191.134' is not allowed to access the server.  To enable access, use the Windows Azure Management Portal or run sp_set_firewall_rule on the master database to create a firewall rule for this IP address or address range.  It may take up to five minutes for this change to take effect..

C:\Windows\system32>sqlcmd -S fonarte2.database.windows.net -d Reporteador -U Dataguys2 -P Fonarte2018 -I -Q "TRUNCATE TABLE TMP_ORCHARD;" 
Sqlcmd: Error: Microsoft ODBC Driver 13 for SQL Server : Cannot open server 'fonarte2' requested by the login. Client with IP address '201.137.191.134' is not allowed to access the server.  To enable access, use the Windows Azure Management Portal or run sp_set_firewall_rule on the master database to create a firewall rule for this IP address or address range.  It may take up to five minutes for this change to take effect..

C:\Windows\system32>REN C:\Users\DELL\Documents\REPORTES_FONARTE\*fullreport*.txt TMP_ORCHARD.txt; 

C:\Windows\system32>REN C:\Users\DELL\Documents\REPORTES_FONARTE\S1*.txt TMP_APPLEMUSIC.txt; 

C:\Windows\system32>REN C:\Users\DELL\Documents\REPORTES_FONARTE\*_ZZ*.txt TMP_ITUNES.txt; 

C:\Windows\system32>REN C:\Users\DELL\Documents\REPORTES_FONARTE\financial*.txt TMP_FINANCIAL_REPORT.txt; 

C:\Windows\system32>bcp TMP_APPLEMUSIC in C:\Users\DELL\Documents\REPORTES_FONARTE\TMP_APPLEMUSIC.txt -S fonarte2.database.windows.net -d Reporteador -U Dataguys2 -P Fonarte2018 -q -c -t \t -r 0x0A -C 65001; 
SQLState = 37000, NativeError = 40615
Error = [Microsoft][ODBC Driver 13 for SQL Server][SQL Server]Cannot open server 'fonarte2' requested by the login. Client with IP address '201.137.191.134' is not allowed to access the server.  To enable access, use the Windows Azure Management Portal or run sp_set_firewall_rule on the master database to create a firewall rule for this IP address or address range.  It may take up to five minutes for this change to take effect.

C:\Windows\system32>bcp TMP_ITUNES in C:\Users\DELL\Documents\REPORTES_FONARTE\TMP_ITUNES.txt -S fonarte2.database.windows.net -d Reporteador -U Dataguys2 -P Fonarte2018 -q -c -t \t -r 0x0A -C 65001; 
SQLState = 37000, NativeError = 40615
Error = [Microsoft][ODBC Driver 13 for SQL Server][SQL Server]Cannot open server 'fonarte2' requested by the login. Client with IP address '201.137.191.134' is not allowed to access the server.  To enable access, use the Windows Azure Management Portal or run sp_set_firewall_rule on the master database to create a firewall rule for this IP address or address range.  It may take up to five minutes for this change to take effect.

C:\Windows\system32>bcp TMP_FINANCIAL_REPORT in C:\Users\DELL\Documents\REPORTES_FONARTE\TMP_FINANCIAL_REPORT.txt -S fonarte2.database.windows.net -d Reporteador -U Dataguys2 -P Fonarte2018 -q -c -t \t -r 0x0A -C 65001; 
SQLState = 37000, NativeError = 40615
Error = [Microsoft][ODBC Driver 13 for SQL Server][SQL Server]Cannot open server 'fonarte2' requested by the login. Client with IP address '201.137.191.134' is not allowed to access the server.  To enable access, use the Windows Azure Management Portal or run sp_set_firewall_rule on the master database to create a firewall rule for this IP address or address range.  It may take up to five minutes for this change to take effect.

C:\Windows\system32>bcp TMP_ORCHARD in C:\Users\DELL\Documents\REPORTES_FONARTE\TMP_ORCHARD.txt -S fonarte2.database.windows.net -d Reporteador -U Dataguys2 -P Fonarte2018 -q -c -t \t -r 0x0A -C 65001; 
SQLState = 37000, NativeError = 40615
Error = [Microsoft][ODBC Driver 13 for SQL Server][SQL Server]Cannot open server 'fonarte2' requested by the login. Client with IP address '201.137.191.134' is not allowed to access the server.  To enable access, use the Windows Azure Management Portal or run sp_set_firewall_rule on the master database to create a firewall rule for this IP address or address range.  It may take up to five minutes for this change to take effect.

C:\Windows\system32>sqlcmd -S fonarte2.database.windows.net -d Reporteador -U Dataguys2 -P Fonarte2018 -I -Q "INSERT INTO APPLEMUSIC SELECT * FROM TMP_APPLEMUSIC;" 
Sqlcmd: Error: Microsoft ODBC Driver 13 for SQL Server : Cannot open server 'fonarte2' requested by the login. Client with IP address '201.137.191.134' is not allowed to access the server.  To enable access, use the Windows Azure Management Portal or run sp_set_firewall_rule on the master database to create a firewall rule for this IP address or address range.  It may take up to five minutes for this change to take effect..

C:\Windows\system32>sqlcmd -S fonarte2.database.windows.net -d Reporteador -U Dataguys2 -P Fonarte2018 -I -Q "INSERT INTO ITUNES SELECT * FROM TMP_ITUNES;" 
Sqlcmd: Error: Microsoft ODBC Driver 13 for SQL Server : Cannot open server 'fonarte2' requested by the login. Client with IP address '201.137.191.134' is not allowed to access the server.  To enable access, use the Windows Azure Management Portal or run sp_set_firewall_rule on the master database to create a firewall rule for this IP address or address range.  It may take up to five minutes for this change to take effect..

C:\Windows\system32>sqlcmd -S fonarte2.database.windows.net -d Reporteador -U Dataguys2 -P Fonarte2018 -I -Q "INSERT INTO ORCHARD SELECT * FROM TMP_ORCHARD;" 
Sqlcmd: Error: Microsoft ODBC Driver 13 for SQL Server : Cannot open server 'fonarte2' requested by the login. Client with IP address '201.137.191.134' is not allowed to access the server.  To enable access, use the Windows Azure Management Portal or run sp_set_firewall_rule on the master database to create a firewall rule for this IP address or address range.  It may take up to five minutes for this change to take effect..

C:\Windows\system32>sqlcmd -S fonarte2.database.windows.net -d Reporteador -U Dataguys2 -P Fonarte2018 -I -Q "INSERT INTO APPLE_CURRENCY SELECT LEFT(RIGHT(DIVISA,4),3), TIPO_DE_CAMBIO, ANIO, MES FROM TMP_FINANCIAL_REPORT;" 
Sqlcmd: Error: Microsoft ODBC Driver 13 for SQL Server : Cannot open server 'fonarte2' requested by the login. Client with IP address '201.137.191.134' is not allowed to access the server.  To enable access, use the Windows Azure Management Portal or run sp_set_firewall_rule on the master database to create a firewall rule for this IP address or address range.  It may take up to five minutes for this change to take effect..

C:\Windows\system32>Robocopy C:\Users\DELL\Documents\REPORTES_FONARTE C:\Users\DELL\Documents\REPORTES_FONARTE_PROCESADOS /mov /s /w:1 /r:1 

-------------------------------------------------------------------------------
   ROBOCOPY     ::     Herramienta para copia eficaz de archivos                             
-------------------------------------------------------------------------------

  Inicio: Wed Jun 26 16:01:47 2019

   Origen : C:\Users\DELL\Documents\REPORTES_FONARTE\
     Destino : C:\Users\DELL\Documents\REPORTES_FONARTE_PROCESADOS\

    Archivos: *.*
	    
  Opciones: *.* /S /COPY:DAT /MOV /R:1 /W:1 

------------------------------------------------------------------------------

	                   5	C:\Users\DELL\Documents\REPORTES_FONARTE\
	    Más reciente     		    6148	.DS_Store  0%  100%  
	    Más reciente     		  10.0 m	TMP_APPLEMUSIC.txt  0.0%  9.9% 19.9% 29.9% 39.9% 49.9% 59.9% 69.9% 79.9% 89.9% 99.9%100%  
	    Más reciente     		    2238	TMP_FINANCIAL_REPORT.txt  0%  100%  
	    Más reciente     		  122235	TMP_ITUNES.txt  0%  100%  
	    Más reciente     		  83.6 m	TMP_ORCHARD.txt  0.0%  1.1%  2.3%  3.5%  4.7%  5.9%  7.1%  8.3%  9.5% 10.7% 11.9% 13.1% 14.3% 15.5% 16.7% 17.9% 19.1% 20.3% 21.5% 22.7% 23.9% 25.0% 26.2% 27.4% 28.6% 29.8% 31.0% 32.2% 33.4% 34.6% 35.8% 37.0% 38.2% 39.4% 40.6% 41.8% 43.0% 44.2% 45.4% 46.6% 47.8% 48.9% 50.1% 51.3% 52.5% 53.7% 54.9% 56.1% 57.3% 58.5% 59.7% 60.9% 62.1% 63.3% 64.5% 65.7% 66.9% 68.1% 69.3% 70.5% 71.7% 72.8% 74.0% 75.2% 76.4% 77.6% 78.8% 80.0% 81.2% 82.4% 83.6% 84.8% 86.0% 87.2% 88.4% 89.6% 90.8% 92.0% 93.2% 94.4% 95.6% 96.7% 97.9% 99.1%100%  

------------------------------------------------------------------------------

               Total   Copiado   OmitidoNo coincidencia     ERROR    Extras
Directorios:         1         0         1         0         0         0
 Archivos:         5         5         0         0         0         0
    Bytes:   93.80 m   93.80 m         0         0         0         0
    Veces:   0:00:00   0:00:00                       0:00:00   0:00:00


Velocidad:           902403073 Bytes/s
Velocidad:           51635.918 Megabytes/min

Finalizado: Wed Jun 26 16:01:47 2019
Total execution time: 1.77 min
