ZIP file [C:\Users\DELL\Documents\REPORTES_FONARTE\20210525_Apr2021_fullreport_fonarte_latino_s_a_de_c_v_US.xls.zip] extracted.
ZIP file [C:\Users\DELL\Documents\REPORTES_FONARTE\apple abril 2021.zip] extracted.
Getting [Orchard] ready... done.
Getting [Itunes] ready... done.
Getting [Exchange Rate] ready... done.
Getting [Apple Music] ready... done.

C:\Windows\system32>sqlcmd -S fonarte2.database.windows.net -d Reporteador -U Dataguys2 -P Fonarte2018 -I -Q "TRUNCATE TABLE TMP_APPLEMUSIC;" 

C:\Windows\system32>sqlcmd -S fonarte2.database.windows.net -d Reporteador -U Dataguys2 -P Fonarte2018 -I -Q "TRUNCATE TABLE TMP_ITUNES;" 

C:\Windows\system32>sqlcmd -S fonarte2.database.windows.net -d Reporteador -U Dataguys2 -P Fonarte2018 -I -Q "TRUNCATE TABLE TMP_FINANCIAL_REPORT;" 

C:\Windows\system32>sqlcmd -S fonarte2.database.windows.net -d Reporteador -U Dataguys2 -P Fonarte2018 -I -Q "TRUNCATE TABLE TMP_ORCHARD;" 

C:\Windows\system32>REN C:\Users\DELL\Documents\REPORTES_FONARTE\*fullreport*.txt TMP_ORCHARD.txt; 

C:\Windows\system32>REN C:\Users\DELL\Documents\REPORTES_FONARTE\S1*.txt TMP_APPLEMUSIC.txt; 

C:\Windows\system32>REN C:\Users\DELL\Documents\REPORTES_FONARTE\*_ZZ*.txt TMP_ITUNES.txt; 

C:\Windows\system32>REN C:\Users\DELL\Documents\REPORTES_FONARTE\financial*.txt TMP_FINANCIAL_REPORT.txt; 

C:\Windows\system32>bcp TMP_APPLEMUSIC in C:\Users\DELL\Documents\REPORTES_FONARTE\TMP_APPLEMUSIC.txt -S fonarte2.database.windows.net -d Reporteador -U Dataguys2 -P Fonarte2018 -q -c -t \t -r 0x0A -C 65001; 

Starting copy...
1000 rows sent to SQL Server. Total sent: 1000
1000 rows sent to SQL Server. Total sent: 2000
1000 rows sent to SQL Server. Total sent: 3000
1000 rows sent to SQL Server. Total sent: 4000
1000 rows sent to SQL Server. Total sent: 5000
1000 rows sent to SQL Server. Total sent: 6000
1000 rows sent to SQL Server. Total sent: 7000
1000 rows sent to SQL Server. Total sent: 8000
1000 rows sent to SQL Server. Total sent: 9000
1000 rows sent to SQL Server. Total sent: 10000
1000 rows sent to SQL Server. Total sent: 11000
1000 rows sent to SQL Server. Total sent: 12000
1000 rows sent to SQL Server. Total sent: 13000
1000 rows sent to SQL Server. Total sent: 14000
1000 rows sent to SQL Server. Total sent: 15000
1000 rows sent to SQL Server. Total sent: 16000
1000 rows sent to SQL Server. Total sent: 17000
1000 rows sent to SQL Server. Total sent: 18000
1000 rows sent to SQL Server. Total sent: 19000
1000 rows sent to SQL Server. Total sent: 20000
1000 rows sent to SQL Server. Total sent: 21000
1000 rows sent to SQL Server. Total sent: 22000
1000 rows sent to SQL Server. Total sent: 23000
1000 rows sent to SQL Server. Total sent: 24000
1000 rows sent to SQL Server. Total sent: 25000
1000 rows sent to SQL Server. Total sent: 26000
1000 rows sent to SQL Server. Total sent: 27000
1000 rows sent to SQL Server. Total sent: 28000
1000 rows sent to SQL Server. Total sent: 29000
1000 rows sent to SQL Server. Total sent: 30000
1000 rows sent to SQL Server. Total sent: 31000
1000 rows sent to SQL Server. Total sent: 32000
1000 rows sent to SQL Server. Total sent: 33000
1000 rows sent to SQL Server. Total sent: 34000
1000 rows sent to SQL Server. Total sent: 35000
1000 rows sent to SQL Server. Total sent: 36000
1000 rows sent to SQL Server. Total sent: 37000
1000 rows sent to SQL Server. Total sent: 38000
1000 rows sent to SQL Server. Total sent: 39000
1000 rows sent to SQL Server. Total sent: 40000
1000 rows sent to SQL Server. Total sent: 41000
1000 rows sent to SQL Server. Total sent: 42000
1000 rows sent to SQL Server. Total sent: 43000
1000 rows sent to SQL Server. Total sent: 44000
1000 rows sent to SQL Server. Total sent: 45000
1000 rows sent to SQL Server. Total sent: 46000
1000 rows sent to SQL Server. Total sent: 47000
1000 rows sent to SQL Server. Total sent: 48000
1000 rows sent to SQL Server. Total sent: 49000
1000 rows sent to SQL Server. Total sent: 50000
1000 rows sent to SQL Server. Total sent: 51000
1000 rows sent to SQL Server. Total sent: 52000
1000 rows sent to SQL Server. Total sent: 53000
1000 rows sent to SQL Server. Total sent: 54000
1000 rows sent to SQL Server. Total sent: 55000
1000 rows sent to SQL Server. Total sent: 56000
1000 rows sent to SQL Server. Total sent: 57000
1000 rows sent to SQL Server. Total sent: 58000
1000 rows sent to SQL Server. Total sent: 59000
1000 rows sent to SQL Server. Total sent: 60000
1000 rows sent to SQL Server. Total sent: 61000
1000 rows sent to SQL Server. Total sent: 62000
1000 rows sent to SQL Server. Total sent: 63000
1000 rows sent to SQL Server. Total sent: 64000
1000 rows sent to SQL Server. Total sent: 65000
1000 rows sent to SQL Server. Total sent: 66000
1000 rows sent to SQL Server. Total sent: 67000
1000 rows sent to SQL Server. Total sent: 68000
1000 rows sent to SQL Server. Total sent: 69000
1000 rows sent to SQL Server. Total sent: 70000
1000 rows sent to SQL Server. Total sent: 71000
1000 rows sent to SQL Server. Total sent: 72000
1000 rows sent to SQL Server. Total sent: 73000
1000 rows sent to SQL Server. Total sent: 74000
1000 rows sent to SQL Server. Total sent: 75000
1000 rows sent to SQL Server. Total sent: 76000

76826 rows copied.
Network packet size (bytes): 4096
Clock Time (ms.) Total     : 31434  Average : (2444.04 rows per sec.)

C:\Windows\system32>bcp TMP_ITUNES in C:\Users\DELL\Documents\REPORTES_FONARTE\TMP_ITUNES.txt -S fonarte2.database.windows.net -d Reporteador -U Dataguys2 -P Fonarte2018 -q -c -t \t -r 0x0A -C 65001; 

Starting copy...

576 rows copied.
Network packet size (bytes): 4096
Clock Time (ms.) Total     : 546    Average : (1054.95 rows per sec.)

C:\Windows\system32>bcp TMP_FINANCIAL_REPORT in C:\Users\DELL\Documents\REPORTES_FONARTE\TMP_FINANCIAL_REPORT.txt -S fonarte2.database.windows.net -d Reporteador -U Dataguys2 -P Fonarte2018 -q -c -t \t -r 0x0A -C 65001; 

Starting copy...

38 rows copied.
Network packet size (bytes): 4096
Clock Time (ms.) Total     : 187    Average : (203.21 rows per sec.)

C:\Windows\system32>bcp TMP_ORCHARD in C:\Users\DELL\Documents\REPORTES_FONARTE\TMP_ORCHARD.txt -S fonarte2.database.windows.net -d Reporteador -U Dataguys2 -P Fonarte2018 -q -c -t \t -r 0x0A -C 65001; 

Starting copy...
1000 rows sent to SQL Server. Total sent: 1000
1000 rows sent to SQL Server. Total sent: 2000
1000 rows sent to SQL Server. Total sent: 3000
1000 rows sent to SQL Server. Total sent: 4000
1000 rows sent to SQL Server. Total sent: 5000
1000 rows sent to SQL Server. Total sent: 6000
1000 rows sent to SQL Server. Total sent: 7000
1000 rows sent to SQL Server. Total sent: 8000
1000 rows sent to SQL Server. Total sent: 9000
1000 rows sent to SQL Server. Total sent: 10000
1000 rows sent to SQL Server. Total sent: 11000
1000 rows sent to SQL Server. Total sent: 12000
1000 rows sent to SQL Server. Total sent: 13000
1000 rows sent to SQL Server. Total sent: 14000
1000 rows sent to SQL Server. Total sent: 15000
1000 rows sent to SQL Server. Total sent: 16000
1000 rows sent to SQL Server. Total sent: 17000
1000 rows sent to SQL Server. Total sent: 18000
1000 rows sent to SQL Server. Total sent: 19000
1000 rows sent to SQL Server. Total sent: 20000
1000 rows sent to SQL Server. Total sent: 21000
1000 rows sent to SQL Server. Total sent: 22000
1000 rows sent to SQL Server. Total sent: 23000
1000 rows sent to SQL Server. Total sent: 24000
1000 rows sent to SQL Server. Total sent: 25000
1000 rows sent to SQL Server. Total sent: 26000
1000 rows sent to SQL Server. Total sent: 27000
1000 rows sent to SQL Server. Total sent: 28000
1000 rows sent to SQL Server. Total sent: 29000
1000 rows sent to SQL Server. Total sent: 30000
1000 rows sent to SQL Server. Total sent: 31000
1000 rows sent to SQL Server. Total sent: 32000
1000 rows sent to SQL Server. Total sent: 33000
1000 rows sent to SQL Server. Total sent: 34000
1000 rows sent to SQL Server. Total sent: 35000
1000 rows sent to SQL Server. Total sent: 36000
1000 rows sent to SQL Server. Total sent: 37000
1000 rows sent to SQL Server. Total sent: 38000
1000 rows sent to SQL Server. Total sent: 39000
1000 rows sent to SQL Server. Total sent: 40000
1000 rows sent to SQL Server. Total sent: 41000
1000 rows sent to SQL Server. Total sent: 42000
1000 rows sent to SQL Server. Total sent: 43000
1000 rows sent to SQL Server. Total sent: 44000
1000 rows sent to SQL Server. Total sent: 45000
1000 rows sent to SQL Server. Total sent: 46000
1000 rows sent to SQL Server. Total sent: 47000
1000 rows sent to SQL Server. Total sent: 48000
1000 rows sent to SQL Server. Total sent: 49000
1000 rows sent to SQL Server. Total sent: 50000
1000 rows sent to SQL Server. Total sent: 51000
1000 rows sent to SQL Server. Total sent: 52000
1000 rows sent to SQL Server. Total sent: 53000
1000 rows sent to SQL Server. Total sent: 54000
1000 rows sent to SQL Server. Total sent: 55000
1000 rows sent to SQL Server. Total sent: 56000
1000 rows sent to SQL Server. Total sent: 57000
1000 rows sent to SQL Server. Total sent: 58000
1000 rows sent to SQL Server. Total sent: 59000
1000 rows sent to SQL Server. Total sent: 60000
1000 rows sent to SQL Server. Total sent: 61000
1000 rows sent to SQL Server. Total sent: 62000
1000 rows sent to SQL Server. Total sent: 63000
1000 rows sent to SQL Server. Total sent: 64000
1000 rows sent to SQL Server. Total sent: 65000
1000 rows sent to SQL Server. Total sent: 66000
1000 rows sent to SQL Server. Total sent: 67000
1000 rows sent to SQL Server. Total sent: 68000
1000 rows sent to SQL Server. Total sent: 69000
1000 rows sent to SQL Server. Total sent: 70000
1000 rows sent to SQL Server. Total sent: 71000
1000 rows sent to SQL Server. Total sent: 72000
1000 rows sent to SQL Server. Total sent: 73000
1000 rows sent to SQL Server. Total sent: 74000
1000 rows sent to SQL Server. Total sent: 75000
1000 rows sent to SQL Server. Total sent: 76000
1000 rows sent to SQL Server. Total sent: 77000
1000 rows sent to SQL Server. Total sent: 78000
1000 rows sent to SQL Server. Total sent: 79000
1000 rows sent to SQL Server. Total sent: 80000
1000 rows sent to SQL Server. Total sent: 81000
1000 rows sent to SQL Server. Total sent: 82000
1000 rows sent to SQL Server. Total sent: 83000
1000 rows sent to SQL Server. Total sent: 84000
1000 rows sent to SQL Server. Total sent: 85000
1000 rows sent to SQL Server. Total sent: 86000
1000 rows sent to SQL Server. Total sent: 87000
1000 rows sent to SQL Server. Total sent: 88000
1000 rows sent to SQL Server. Total sent: 89000
1000 rows sent to SQL Server. Total sent: 90000
1000 rows sent to SQL Server. Total sent: 91000
1000 rows sent to SQL Server. Total sent: 92000
1000 rows sent to SQL Server. Total sent: 93000
1000 rows sent to SQL Server. Total sent: 94000
1000 rows sent to SQL Server. Total sent: 95000
1000 rows sent to SQL Server. Total sent: 96000
1000 rows sent to SQL Server. Total sent: 97000
1000 rows sent to SQL Server. Total sent: 98000
1000 rows sent to SQL Server. Total sent: 99000
1000 rows sent to SQL Server. Total sent: 100000
1000 rows sent to SQL Server. Total sent: 101000
1000 rows sent to SQL Server. Total sent: 102000
1000 rows sent to SQL Server. Total sent: 103000
1000 rows sent to SQL Server. Total sent: 104000
1000 rows sent to SQL Server. Total sent: 105000
1000 rows sent to SQL Server. Total sent: 106000
1000 rows sent to SQL Server. Total sent: 107000
1000 rows sent to SQL Server. Total sent: 108000
1000 rows sent to SQL Server. Total sent: 109000
1000 rows sent to SQL Server. Total sent: 110000
1000 rows sent to SQL Server. Total sent: 111000
1000 rows sent to SQL Server. Total sent: 112000
1000 rows sent to SQL Server. Total sent: 113000
1000 rows sent to SQL Server. Total sent: 114000
1000 rows sent to SQL Server. Total sent: 115000
1000 rows sent to SQL Server. Total sent: 116000
1000 rows sent to SQL Server. Total sent: 117000
1000 rows sent to SQL Server. Total sent: 118000
1000 rows sent to SQL Server. Total sent: 119000
1000 rows sent to SQL Server. Total sent: 120000
1000 rows sent to SQL Server. Total sent: 121000
1000 rows sent to SQL Server. Total sent: 122000
1000 rows sent to SQL Server. Total sent: 123000
1000 rows sent to SQL Server. Total sent: 124000
1000 rows sent to SQL Server. Total sent: 125000
1000 rows sent to SQL Server. Total sent: 126000
1000 rows sent to SQL Server. Total sent: 127000
1000 rows sent to SQL Server. Total sent: 128000
1000 rows sent to SQL Server. Total sent: 129000
1000 rows sent to SQL Server. Total sent: 130000
1000 rows sent to SQL Server. Total sent: 131000
1000 rows sent to SQL Server. Total sent: 132000
1000 rows sent to SQL Server. Total sent: 133000
1000 rows sent to SQL Server. Total sent: 134000
1000 rows sent to SQL Server. Total sent: 135000
1000 rows sent to SQL Server. Total sent: 136000
1000 rows sent to SQL Server. Total sent: 137000
1000 rows sent to SQL Server. Total sent: 138000
1000 rows sent to SQL Server. Total sent: 139000
1000 rows sent to SQL Server. Total sent: 140000
1000 rows sent to SQL Server. Total sent: 141000
1000 rows sent to SQL Server. Total sent: 142000
1000 rows sent to SQL Server. Total sent: 143000
1000 rows sent to SQL Server. Total sent: 144000
1000 rows sent to SQL Server. Total sent: 145000
1000 rows sent to SQL Server. Total sent: 146000
1000 rows sent to SQL Server. Total sent: 147000
1000 rows sent to SQL Server. Total sent: 148000
1000 rows sent to SQL Server. Total sent: 149000
1000 rows sent to SQL Server. Total sent: 150000
1000 rows sent to SQL Server. Total sent: 151000
1000 rows sent to SQL Server. Total sent: 152000
1000 rows sent to SQL Server. Total sent: 153000
1000 rows sent to SQL Server. Total sent: 154000
1000 rows sent to SQL Server. Total sent: 155000
1000 rows sent to SQL Server. Total sent: 156000
1000 rows sent to SQL Server. Total sent: 157000
1000 rows sent to SQL Server. Total sent: 158000
1000 rows sent to SQL Server. Total sent: 159000
1000 rows sent to SQL Server. Total sent: 160000
1000 rows sent to SQL Server. Total sent: 161000
1000 rows sent to SQL Server. Total sent: 162000
1000 rows sent to SQL Server. Total sent: 163000
1000 rows sent to SQL Server. Total sent: 164000
1000 rows sent to SQL Server. Total sent: 165000
1000 rows sent to SQL Server. Total sent: 166000
1000 rows sent to SQL Server. Total sent: 167000
1000 rows sent to SQL Server. Total sent: 168000
1000 rows sent to SQL Server. Total sent: 169000
1000 rows sent to SQL Server. Total sent: 170000
1000 rows sent to SQL Server. Total sent: 171000
1000 rows sent to SQL Server. Total sent: 172000
1000 rows sent to SQL Server. Total sent: 173000
1000 rows sent to SQL Server. Total sent: 174000
1000 rows sent to SQL Server. Total sent: 175000
1000 rows sent to SQL Server. Total sent: 176000
1000 rows sent to SQL Server. Total sent: 177000
1000 rows sent to SQL Server. Total sent: 178000
1000 rows sent to SQL Server. Total sent: 179000
1000 rows sent to SQL Server. Total sent: 180000
1000 rows sent to SQL Server. Total sent: 181000
1000 rows sent to SQL Server. Total sent: 182000
1000 rows sent to SQL Server. Total sent: 183000
1000 rows sent to SQL Server. Total sent: 184000
1000 rows sent to SQL Server. Total sent: 185000
1000 rows sent to SQL Server. Total sent: 186000
1000 rows sent to SQL Server. Total sent: 187000
1000 rows sent to SQL Server. Total sent: 188000
1000 rows sent to SQL Server. Total sent: 189000
1000 rows sent to SQL Server. Total sent: 190000
1000 rows sent to SQL Server. Total sent: 191000
1000 rows sent to SQL Server. Total sent: 192000
1000 rows sent to SQL Server. Total sent: 193000
1000 rows sent to SQL Server. Total sent: 194000
1000 rows sent to SQL Server. Total sent: 195000
1000 rows sent to SQL Server. Total sent: 196000
1000 rows sent to SQL Server. Total sent: 197000
1000 rows sent to SQL Server. Total sent: 198000
1000 rows sent to SQL Server. Total sent: 199000
1000 rows sent to SQL Server. Total sent: 200000
1000 rows sent to SQL Server. Total sent: 201000
1000 rows sent to SQL Server. Total sent: 202000
1000 rows sent to SQL Server. Total sent: 203000
1000 rows sent to SQL Server. Total sent: 204000
1000 rows sent to SQL Server. Total sent: 205000
1000 rows sent to SQL Server. Total sent: 206000
1000 rows sent to SQL Server. Total sent: 207000
1000 rows sent to SQL Server. Total sent: 208000
1000 rows sent to SQL Server. Total sent: 209000
1000 rows sent to SQL Server. Total sent: 210000
1000 rows sent to SQL Server. Total sent: 211000
1000 rows sent to SQL Server. Total sent: 212000
1000 rows sent to SQL Server. Total sent: 213000
1000 rows sent to SQL Server. Total sent: 214000
1000 rows sent to SQL Server. Total sent: 215000
1000 rows sent to SQL Server. Total sent: 216000
1000 rows sent to SQL Server. Total sent: 217000
1000 rows sent to SQL Server. Total sent: 218000
1000 rows sent to SQL Server. Total sent: 219000
1000 rows sent to SQL Server. Total sent: 220000
1000 rows sent to SQL Server. Total sent: 221000
1000 rows sent to SQL Server. Total sent: 222000
1000 rows sent to SQL Server. Total sent: 223000
1000 rows sent to SQL Server. Total sent: 224000
1000 rows sent to SQL Server. Total sent: 225000
1000 rows sent to SQL Server. Total sent: 226000
1000 rows sent to SQL Server. Total sent: 227000
1000 rows sent to SQL Server. Total sent: 228000
1000 rows sent to SQL Server. Total sent: 229000
1000 rows sent to SQL Server. Total sent: 230000
1000 rows sent to SQL Server. Total sent: 231000
1000 rows sent to SQL Server. Total sent: 232000
1000 rows sent to SQL Server. Total sent: 233000
1000 rows sent to SQL Server. Total sent: 234000
1000 rows sent to SQL Server. Total sent: 235000
1000 rows sent to SQL Server. Total sent: 236000
1000 rows sent to SQL Server. Total sent: 237000
1000 rows sent to SQL Server. Total sent: 238000
1000 rows sent to SQL Server. Total sent: 239000
1000 rows sent to SQL Server. Total sent: 240000
1000 rows sent to SQL Server. Total sent: 241000
1000 rows sent to SQL Server. Total sent: 242000
1000 rows sent to SQL Server. Total sent: 243000
1000 rows sent to SQL Server. Total sent: 244000
1000 rows sent to SQL Server. Total sent: 245000
1000 rows sent to SQL Server. Total sent: 246000
1000 rows sent to SQL Server. Total sent: 247000
1000 rows sent to SQL Server. Total sent: 248000
1000 rows sent to SQL Server. Total sent: 249000
1000 rows sent to SQL Server. Total sent: 250000
1000 rows sent to SQL Server. Total sent: 251000
1000 rows sent to SQL Server. Total sent: 252000
1000 rows sent to SQL Server. Total sent: 253000
1000 rows sent to SQL Server. Total sent: 254000
1000 rows sent to SQL Server. Total sent: 255000
1000 rows sent to SQL Server. Total sent: 256000
1000 rows sent to SQL Server. Total sent: 257000
1000 rows sent to SQL Server. Total sent: 258000
1000 rows sent to SQL Server. Total sent: 259000
1000 rows sent to SQL Server. Total sent: 260000
1000 rows sent to SQL Server. Total sent: 261000
1000 rows sent to SQL Server. Total sent: 262000
1000 rows sent to SQL Server. Total sent: 263000
1000 rows sent to SQL Server. Total sent: 264000
1000 rows sent to SQL Server. Total sent: 265000
1000 rows sent to SQL Server. Total sent: 266000
1000 rows sent to SQL Server. Total sent: 267000
1000 rows sent to SQL Server. Total sent: 268000
1000 rows sent to SQL Server. Total sent: 269000
1000 rows sent to SQL Server. Total sent: 270000
1000 rows sent to SQL Server. Total sent: 271000
1000 rows sent to SQL Server. Total sent: 272000
1000 rows sent to SQL Server. Total sent: 273000
1000 rows sent to SQL Server. Total sent: 274000
1000 rows sent to SQL Server. Total sent: 275000
1000 rows sent to SQL Server. Total sent: 276000
1000 rows sent to SQL Server. Total sent: 277000
1000 rows sent to SQL Server. Total sent: 278000
1000 rows sent to SQL Server. Total sent: 279000
1000 rows sent to SQL Server. Total sent: 280000
1000 rows sent to SQL Server. Total sent: 281000
1000 rows sent to SQL Server. Total sent: 282000
1000 rows sent to SQL Server. Total sent: 283000
1000 rows sent to SQL Server. Total sent: 284000
1000 rows sent to SQL Server. Total sent: 285000
1000 rows sent to SQL Server. Total sent: 286000
1000 rows sent to SQL Server. Total sent: 287000
1000 rows sent to SQL Server. Total sent: 288000
1000 rows sent to SQL Server. Total sent: 289000
1000 rows sent to SQL Server. Total sent: 290000
1000 rows sent to SQL Server. Total sent: 291000
1000 rows sent to SQL Server. Total sent: 292000
1000 rows sent to SQL Server. Total sent: 293000
1000 rows sent to SQL Server. Total sent: 294000
1000 rows sent to SQL Server. Total sent: 295000
1000 rows sent to SQL Server. Total sent: 296000
1000 rows sent to SQL Server. Total sent: 297000
1000 rows sent to SQL Server. Total sent: 298000
1000 rows sent to SQL Server. Total sent: 299000
1000 rows sent to SQL Server. Total sent: 300000
1000 rows sent to SQL Server. Total sent: 301000
1000 rows sent to SQL Server. Total sent: 302000
1000 rows sent to SQL Server. Total sent: 303000
1000 rows sent to SQL Server. Total sent: 304000
1000 rows sent to SQL Server. Total sent: 305000
1000 rows sent to SQL Server. Total sent: 306000

306959 rows copied.
Network packet size (bytes): 4096
Clock Time (ms.) Total     : 175751 Average : (1746.56 rows per sec.)

C:\Windows\system32>sqlcmd -S fonarte2.database.windows.net -d Reporteador -U Dataguys2 -P Fonarte2018 -I -Q "INSERT INTO APPLEMUSIC SELECT * FROM TMP_APPLEMUSIC;" 

(76826 rows affected)

C:\Windows\system32>sqlcmd -S fonarte2.database.windows.net -d Reporteador -U Dataguys2 -P Fonarte2018 -I -Q "INSERT INTO ITUNES SELECT * FROM TMP_ITUNES;" 

(576 rows affected)

C:\Windows\system32>sqlcmd -S fonarte2.database.windows.net -d Reporteador -U Dataguys2 -P Fonarte2018 -I -Q "INSERT INTO ORCHARD SELECT * FROM TMP_ORCHARD;" 

(306959 rows affected)

C:\Windows\system32>sqlcmd -S fonarte2.database.windows.net -d Reporteador -U Dataguys2 -P Fonarte2018 -I -Q "INSERT INTO APPLE_CURRENCY SELECT LEFT(RIGHT(DIVISA,4),3), TIPO_DE_CAMBIO, ANIO, MES FROM TMP_FINANCIAL_REPORT;" 

(38 rows affected)

C:\Windows\system32>Robocopy C:\Users\DELL\Documents\REPORTES_FONARTE C:\Users\DELL\Documents\REPORTES_FONARTE_PROCESADOS /mov /s /w:1 /r:1 

-------------------------------------------------------------------------------
   ROBOCOPY     ::     Herramienta para copia eficaz de archivos                             
-------------------------------------------------------------------------------

  Inicio: Tue May 25 16:09:25 2021

   Origen : C:\Users\DELL\Documents\REPORTES_FONARTE\
     Destino : C:\Users\DELL\Documents\REPORTES_FONARTE_PROCESADOS\

    Archivos: *.*
	    
  Opciones: *.* /S /COPY:DAT /MOV /R:1 /W:1 

------------------------------------------------------------------------------

	                   5	C:\Users\DELL\Documents\REPORTES_FONARTE\
	  *Archivo EXTRA 		     378	pass.txt
	    Más reciente     		    6148	.DS_Store  0%  100%  
	    Más reciente     		  12.1 m	TMP_APPLEMUSIC.txt  0.0%  8.2% 16.4% 24.7% 32.9% 41.1% 49.4% 57.6% 65.9% 74.1% 82.3% 90.6% 98.8%100%  
	    Más reciente     		    2669	TMP_FINANCIAL_REPORT.txt  0%  100%  
	    Más reciente     		   97290	TMP_ITUNES.txt  0%  100%  
	    Más reciente     		  90.0 m	TMP_ORCHARD.txt  0.0%  1.1%  2.2%  3.3%  4.4%  5.5%  6.6%  7.7%  8.8%  9.9% 11.1% 12.2% 13.3% 14.4% 15.5% 16.6% 17.7% 18.8% 19.9% 21.1% 22.2% 23.3% 24.4% 25.5% 26.6% 27.7% 28.8% 29.9% 31.0% 32.2% 33.3% 34.4% 35.5% 36.6% 37.7% 38.8% 39.9% 41.0% 42.2% 43.3% 44.4% 45.5% 46.6% 47.7% 48.8% 49.9% 51.0% 52.2% 53.3% 54.4% 55.5% 56.6% 57.7% 58.8% 59.9% 61.0% 62.1% 63.3% 64.4% 65.5% 66.6% 67.7% 68.8% 69.9% 71.0% 72.1% 73.3% 74.4% 75.5% 76.6% 77.7% 78.8% 79.9% 81.0% 82.1% 83.3% 84.4% 85.5% 86.6% 87.7% 88.8% 89.9% 91.0% 92.1% 93.2% 94.4% 95.5% 96.6% 97.7% 98.8% 99.9%100%  

------------------------------------------------------------------------------

               Total   Copiado   OmitidoNo coincidencia     ERROR    Extras
Directorios:         1         0         1         0         0         0
 Archivos:         5         5         0         0         0         1
    Bytes:  102.27 m  102.27 m         0         0         0       378
    Veces:   0:00:00   0:00:00                       0:00:00   0:00:00


Velocidad:           857948376 Bytes/s
Velocidad:           49092.199 Megabytes/min

Finalizado: Tue May 25 16:09:25 2021
Total execution time: 9.37 min
