ZIP file [C:\Users\DELL\Documents\REPORTES_FONARTE\20220225_Jan2022_fullreport_fonarte_latino_s_a_de_c_v_US.xls.zip] extracted.
ZIP file [C:\Users\DELL\Documents\REPORTES_FONARTE\20220329_Feb2022_fullreport_fonarte_latino_s_a_de_c_v_US.xls.zip] extracted.
ZIP file [C:\Users\DELL\Documents\REPORTES_FONARTE\apple enero 2022.zip] extracted.
ZIP file [C:\Users\DELL\Documents\REPORTES_FONARTE\apple Febrero 2022.zip] extracted.
Getting [Orchard] ready... done.
Getting [Orchard] ready... done.
Getting [Itunes] ready... done.
Getting [Itunes] ready... done.
Getting [Exchange Rate] ready... done.
Getting [Apple Music] ready... done.
Getting [Apple Music] ready... done.

C:\Windows\system32>sqlcmd -S fonarte2.database.windows.net -d Reporteador -U Dataguys2 -P Fonarte2018 -I -Q "TRUNCATE TABLE TMP_APPLEMUSIC;" 

C:\Windows\system32>sqlcmd -S fonarte2.database.windows.net -d Reporteador -U Dataguys2 -P Fonarte2018 -I -Q "TRUNCATE TABLE TMP_ITUNES;" 

C:\Windows\system32>sqlcmd -S fonarte2.database.windows.net -d Reporteador -U Dataguys2 -P Fonarte2018 -I -Q "TRUNCATE TABLE TMP_FINANCIAL_REPORT;" 

C:\Windows\system32>sqlcmd -S fonarte2.database.windows.net -d Reporteador -U Dataguys2 -P Fonarte2018 -I -Q "TRUNCATE TABLE TMP_ORCHARD;" 

C:\Windows\system32>REN C:\Users\DELL\Documents\REPORTES_FONARTE\*fullreport*.txt TMP_ORCHARD.txt; 
Ya existe un archivo con el mismo nombre
o no se ha encontrado el archivo.

C:\Windows\system32>REN C:\Users\DELL\Documents\REPORTES_FONARTE\S1*.txt TMP_APPLEMUSIC.txt; 
Ya existe un archivo con el mismo nombre
o no se ha encontrado el archivo.

C:\Windows\system32>REN C:\Users\DELL\Documents\REPORTES_FONARTE\*_ZZ*.txt TMP_ITUNES.txt; 
Ya existe un archivo con el mismo nombre
o no se ha encontrado el archivo.
Ya existe un archivo con el mismo nombre
o no se ha encontrado el archivo.

C:\Windows\system32>REN C:\Users\DELL\Documents\REPORTES_FONARTE\financial*.txt TMP_FINANCIAL_REPORT.txt; 

C:\Windows\system32>bcp TMP_APPLEMUSIC in C:\Users\DELL\Documents\REPORTES_FONARTE\TMP_APPLEMUSIC.txt -S fonarte2.database.windows.net -d Reporteador -U Dataguys2 -P Fonarte2018 -q -c -t \t -r 0x0A -C 65001; 

Starting copy...
1000 rows sent to SQL Server. Total sent: 1000
1000 rows sent to SQL Server. Total sent: 2000
1000 rows sent to SQL Server. Total sent: 3000
1000 rows sent to SQL Server. Total sent: 4000
1000 rows sent to SQL Server. Total sent: 5000
1000 rows sent to SQL Server. Total sent: 6000
1000 rows sent to SQL Server. Total sent: 7000
1000 rows sent to SQL Server. Total sent: 8000
1000 rows sent to SQL Server. Total sent: 9000
1000 rows sent to SQL Server. Total sent: 10000
1000 rows sent to SQL Server. Total sent: 11000
1000 rows sent to SQL Server. Total sent: 12000
1000 rows sent to SQL Server. Total sent: 13000
1000 rows sent to SQL Server. Total sent: 14000
1000 rows sent to SQL Server. Total sent: 15000
1000 rows sent to SQL Server. Total sent: 16000
1000 rows sent to SQL Server. Total sent: 17000
1000 rows sent to SQL Server. Total sent: 18000
1000 rows sent to SQL Server. Total sent: 19000
1000 rows sent to SQL Server. Total sent: 20000
1000 rows sent to SQL Server. Total sent: 21000
1000 rows sent to SQL Server. Total sent: 22000
1000 rows sent to SQL Server. Total sent: 23000
1000 rows sent to SQL Server. Total sent: 24000
1000 rows sent to SQL Server. Total sent: 25000
1000 rows sent to SQL Server. Total sent: 26000
1000 rows sent to SQL Server. Total sent: 27000
1000 rows sent to SQL Server. Total sent: 28000
1000 rows sent to SQL Server. Total sent: 29000
1000 rows sent to SQL Server. Total sent: 30000
1000 rows sent to SQL Server. Total sent: 31000
1000 rows sent to SQL Server. Total sent: 32000
1000 rows sent to SQL Server. Total sent: 33000
1000 rows sent to SQL Server. Total sent: 34000
1000 rows sent to SQL Server. Total sent: 35000
1000 rows sent to SQL Server. Total sent: 36000
1000 rows sent to SQL Server. Total sent: 37000
1000 rows sent to SQL Server. Total sent: 38000
1000 rows sent to SQL Server. Total sent: 39000
1000 rows sent to SQL Server. Total sent: 40000
1000 rows sent to SQL Server. Total sent: 41000
1000 rows sent to SQL Server. Total sent: 42000
1000 rows sent to SQL Server. Total sent: 43000
1000 rows sent to SQL Server. Total sent: 44000
1000 rows sent to SQL Server. Total sent: 45000
1000 rows sent to SQL Server. Total sent: 46000
1000 rows sent to SQL Server. Total sent: 47000
1000 rows sent to SQL Server. Total sent: 48000
1000 rows sent to SQL Server. Total sent: 49000
1000 rows sent to SQL Server. Total sent: 50000
1000 rows sent to SQL Server. Total sent: 51000
1000 rows sent to SQL Server. Total sent: 52000
1000 rows sent to SQL Server. Total sent: 53000
1000 rows sent to SQL Server. Total sent: 54000
1000 rows sent to SQL Server. Total sent: 55000
1000 rows sent to SQL Server. Total sent: 56000
1000 rows sent to SQL Server. Total sent: 57000
1000 rows sent to SQL Server. Total sent: 58000
1000 rows sent to SQL Server. Total sent: 59000
1000 rows sent to SQL Server. Total sent: 60000
1000 rows sent to SQL Server. Total sent: 61000
1000 rows sent to SQL Server. Total sent: 62000
1000 rows sent to SQL Server. Total sent: 63000
1000 rows sent to SQL Server. Total sent: 64000
1000 rows sent to SQL Server. Total sent: 65000
1000 rows sent to SQL Server. Total sent: 66000
1000 rows sent to SQL Server. Total sent: 67000
1000 rows sent to SQL Server. Total sent: 68000
1000 rows sent to SQL Server. Total sent: 69000
1000 rows sent to SQL Server. Total sent: 70000
1000 rows sent to SQL Server. Total sent: 71000
1000 rows sent to SQL Server. Total sent: 72000
1000 rows sent to SQL Server. Total sent: 73000
1000 rows sent to SQL Server. Total sent: 74000
1000 rows sent to SQL Server. Total sent: 75000
1000 rows sent to SQL Server. Total sent: 76000
1000 rows sent to SQL Server. Total sent: 77000
1000 rows sent to SQL Server. Total sent: 78000
1000 rows sent to SQL Server. Total sent: 79000
1000 rows sent to SQL Server. Total sent: 80000
1000 rows sent to SQL Server. Total sent: 81000
1000 rows sent to SQL Server. Total sent: 82000

82001 rows copied.
Network packet size (bytes): 4096
Clock Time (ms.) Total     : 33946  Average : (2415.63 rows per sec.)

C:\Windows\system32>bcp TMP_ITUNES in C:\Users\DELL\Documents\REPORTES_FONARTE\TMP_ITUNES.txt -S fonarte2.database.windows.net -d Reporteador -U Dataguys2 -P Fonarte2018 -q -c -t \t -r 0x0A -C 65001; 

Starting copy...

460 rows copied.
Network packet size (bytes): 4096
Clock Time (ms.) Total     : 530    Average : (867.92 rows per sec.)

C:\Windows\system32>bcp TMP_FINANCIAL_REPORT in C:\Users\DELL\Documents\REPORTES_FONARTE\TMP_FINANCIAL_REPORT.txt -S fonarte2.database.windows.net -d Reporteador -U Dataguys2 -P Fonarte2018 -q -c -t \t -r 0x0A -C 65001; 

Starting copy...

37 rows copied.
Network packet size (bytes): 4096
Clock Time (ms.) Total     : 171    Average : (216.37 rows per sec.)

C:\Windows\system32>bcp TMP_ORCHARD in C:\Users\DELL\Documents\REPORTES_FONARTE\TMP_ORCHARD.txt -S fonarte2.database.windows.net -d Reporteador -U Dataguys2 -P Fonarte2018 -q -c -t \t -r 0x0A -C 65001; 

Starting copy...
1000 rows sent to SQL Server. Total sent: 1000
1000 rows sent to SQL Server. Total sent: 2000
1000 rows sent to SQL Server. Total sent: 3000
1000 rows sent to SQL Server. Total sent: 4000
1000 rows sent to SQL Server. Total sent: 5000
1000 rows sent to SQL Server. Total sent: 6000
1000 rows sent to SQL Server. Total sent: 7000
1000 rows sent to SQL Server. Total sent: 8000
1000 rows sent to SQL Server. Total sent: 9000
1000 rows sent to SQL Server. Total sent: 10000
1000 rows sent to SQL Server. Total sent: 11000
1000 rows sent to SQL Server. Total sent: 12000
1000 rows sent to SQL Server. Total sent: 13000
1000 rows sent to SQL Server. Total sent: 14000
1000 rows sent to SQL Server. Total sent: 15000
1000 rows sent to SQL Server. Total sent: 16000
1000 rows sent to SQL Server. Total sent: 17000
1000 rows sent to SQL Server. Total sent: 18000
1000 rows sent to SQL Server. Total sent: 19000
1000 rows sent to SQL Server. Total sent: 20000
1000 rows sent to SQL Server. Total sent: 21000
1000 rows sent to SQL Server. Total sent: 22000
1000 rows sent to SQL Server. Total sent: 23000
1000 rows sent to SQL Server. Total sent: 24000
1000 rows sent to SQL Server. Total sent: 25000
1000 rows sent to SQL Server. Total sent: 26000
1000 rows sent to SQL Server. Total sent: 27000
1000 rows sent to SQL Server. Total sent: 28000
1000 rows sent to SQL Server. Total sent: 29000
1000 rows sent to SQL Server. Total sent: 30000
1000 rows sent to SQL Server. Total sent: 31000
1000 rows sent to SQL Server. Total sent: 32000
SQLState = 22005, NativeError = 0
Error = [Microsoft][ODBC Driver 13 for SQL Server]Invalid character value for cast specification
SQLState = 22005, NativeError = 0
Error = [Microsoft][ODBC Driver 13 for SQL Server]Invalid character value for cast specification
SQLState = 22005, NativeError = 0
Error = [Microsoft][ODBC Driver 13 for SQL Server]Invalid character value for cast specification
SQLState = 22005, NativeError = 0
Error = [Microsoft][ODBC Driver 13 for SQL Server]Invalid character value for cast specification
SQLState = 22005, NativeError = 0
Error = [Microsoft][ODBC Driver 13 for SQL Server]Invalid character value for cast specification
SQLState = 22005, NativeError = 0
Error = [Microsoft][ODBC Driver 13 for SQL Server]Invalid character value for cast specification
SQLState = 22005, NativeError = 0
Error = [Microsoft][ODBC Driver 13 for SQL Server]Invalid character value for cast specification
SQLState = 22005, NativeError = 0
Error = [Microsoft][ODBC Driver 13 for SQL Server]Invalid character value for cast specification
SQLState = 22005, NativeError = 0
Error = [Microsoft][ODBC Driver 13 for SQL Server]Invalid character value for cast specification

32598 rows copied.
Network packet size (bytes): 4096
Clock Time (ms.) Total     : 19375  Average : (1682.48 rows per sec.)

C:\Windows\system32>sqlcmd -S fonarte2.database.windows.net -d Reporteador -U Dataguys2 -P Fonarte2018 -I -Q "INSERT INTO APPLEMUSIC SELECT * FROM TMP_APPLEMUSIC;" 

(82001 rows affected)

C:\Windows\system32>sqlcmd -S fonarte2.database.windows.net -d Reporteador -U Dataguys2 -P Fonarte2018 -I -Q "INSERT INTO ITUNES SELECT * FROM TMP_ITUNES;" 

(460 rows affected)

C:\Windows\system32>sqlcmd -S fonarte2.database.windows.net -d Reporteador -U Dataguys2 -P Fonarte2018 -I -Q "INSERT INTO ORCHARD SELECT * FROM TMP_ORCHARD;" 

(32598 rows affected)

C:\Windows\system32>sqlcmd -S fonarte2.database.windows.net -d Reporteador -U Dataguys2 -P Fonarte2018 -I -Q "INSERT INTO APPLE_CURRENCY SELECT LEFT(RIGHT(DIVISA,4),3), TIPO_DE_CAMBIO, ANIO, MES FROM TMP_FINANCIAL_REPORT;" 

(37 rows affected)

C:\Windows\system32>Robocopy C:\Users\DELL\Documents\REPORTES_FONARTE C:\Users\DELL\Documents\REPORTES_FONARTE_PROCESADOS /mov /s /w:1 /r:1 

-------------------------------------------------------------------------------
   ROBOCOPY     ::     Herramienta para copia eficaz de archivos                             
-------------------------------------------------------------------------------

  Inicio: Tue Mar 29 13:03:53 2022

   Origen : C:\Users\DELL\Documents\REPORTES_FONARTE\
     Destino : C:\Users\DELL\Documents\REPORTES_FONARTE_PROCESADOS\

    Archivos: *.*
	    
  Opciones: *.* /S /COPY:DAT /MOV /R:1 /W:1 

------------------------------------------------------------------------------

	                   8	C:\Users\DELL\Documents\REPORTES_FONARTE\
	  *Archivo EXTRA 		     378	pass.txt
	    Nuevo arch  		    6148	.DS_Store  0%  100%  
	    Nuevo arch  		  84.1 m	20220329_Feb2022_fullreport_fonarte_latino_s_a_de_c_v_US-clean.txt  0.0%  1.1%  2.3%  3.5%  4.7%  5.9%  7.1%  8.3%  9.5% 10.6% 11.8% 13.0% 14.2% 15.4% 16.6% 17.8% 19.0% 20.1% 21.3% 22.5% 23.7% 24.9% 26.1% 27.3% 28.5% 29.7% 30.8% 32.0% 33.2% 34.4% 35.6% 36.8% 38.0% 39.2% 40.3% 41.5% 42.7% 43.9% 45.1% 46.3% 47.5% 48.7% 49.9% 51.0% 52.2% 53.4% 54.6% 55.8% 57.0% 58.2% 59.4% 60.5% 61.7% 62.9% 64.1% 65.3% 66.5% 67.7% 68.9% 70.1% 71.2% 72.4% 73.6% 74.8% 76.0% 77.2% 78.4% 79.6% 80.7% 81.9% 83.1% 84.3% 85.5% 86.7% 87.9% 89.1% 90.3% 91.4% 92.6% 93.8% 95.0% 96.2% 97.4% 98.6% 99.8%100%  
	    Nuevo arch  		   68731	80036532_0222_ZZ-clean.txt  0%  100%  
	    Nuevo arch  		  12.1 m	S1_80036532_0222_ZZ-clean.txt  0.0%  8.2% 16.4% 24.7% 32.9% 41.1% 49.4% 57.6% 65.9% 74.1% 82.3% 90.6% 98.8%100%  
	    Nuevo arch  		  13.0 m	TMP_APPLEMUSIC.txt  0.0%  7.6% 15.3% 23.0% 30.7% 38.3% 46.0% 53.7% 61.4% 69.0% 76.7% 84.4% 92.1% 99.7%100%  
	    Nuevo arch  		    2583	TMP_FINANCIAL_REPORT.txt  0%  100%  
	    Nuevo arch  		   77712	TMP_ITUNES.txt  0%  100%  
	    Nuevo arch  		   9.9 m	TMP_ORCHARD.txt  0.0% 10.0% 20.1% 30.2% 40.3% 50.4% 60.5% 70.6% 80.7% 90.8%100%  

------------------------------------------------------------------------------

               Total   Copiado   OmitidoNo coincidencia     ERROR    Extras
Directorios:         1         0         1         0         0         0
 Archivos:         8         8         0         0         0         1
    Bytes:  119.37 m  119.37 m         0         0         0       378
    Veces:   0:00:00   0:00:00                       0:00:00   0:00:00


Velocidad:           802418166 Bytes/s
Velocidad:           45914.735 Megabytes/min

Finalizado: Tue Mar 29 13:03:53 2022
Total execution time: 3.84 min
